 intro

 Timestamp is 536db8da (Sat May 10 15:27:54 2014)

 Preferred load address is 00600000

 Start         Length     Name                   Class
 0001:00000000 0000e864H .text                   CODE
 0001:0000e864 00000024H .text$yc                CODE
 0001:0000e888 00000027H .text$yd                CODE
 0002:00000000 0000001cH .crtemui                CODE
 0003:00000000 0000003dH .g4kcod2                CODE
 0004:00000000 00000024H .g4kcod3                CODE
 0005:00000000 00000020H .g4kcod4                CODE
 0006:00000000 00000075H .g4kcoda                CODE
 0007:00000000 0000000dH .g4kcodp                CODE
 0008:00000000 00000013H .g4kcodt                CODE
 0009:00000000 0000000dH .g4kcods                CODE
 000a:00000000 000000b6H .g4kcodb                CODE
 000b:00000000 0000005eH .g4kcodc                CODE
 000c:00000000 0000003fH .g4kcodd                CODE
 000d:00000000 000000edH .g4kcodf                CODE
 000e:00000000 0000003cH .g4kcodg                CODE
 000f:00000000 0000001aH .g4kcodh                CODE
 0010:00000000 00000001H .g4kcodm                CODE
 0011:00000000 00000013H .g4kcodj                CODE
 0012:00000000 00000035H .g4kcodk                CODE
 0013:00000000 00000034H .g4kcodl                CODE
 0014:00000000 00000046H .g4kcodw                CODE
 0015:00000000 00000037H .g4kcodx                CODE
 0016:00000000 00000094H .g4kcody                CODE
 0017:00000000 00000023H .g4kcodz                CODE
 0018:00000000 079bf52cH .g4kbss1                DATA
 0019:00000000 00000154H .idata$5                DATA
 0019:00000160 00004a24H .rdata                  DATA
 0019:00004b84 00000078H .idata$2                DATA
 0019:00004bfc 00000014H .idata$3                DATA
 0019:00004c10 00000154H .idata$4                DATA
 0019:00004d64 000004c4H .idata$6                DATA
 0019:00005228 00000000H .edata                  DATA
 0019:00005228 00000058H .rdata$debug            DATA
 001a:00000000 000059e0H .data                   DATA
 001a:000059e0 12ef101cH .bss                    DATA
 001b:00000000 0000000cH .CRT$XCU                DATA
 001c:00000000 00002780H .g4kmuc1                DATA
 001d:00000000 000001a8H .g4kmuc2                DATA
 001e:00000000 00000070H .g4kmuc3                DATA
 001f:00000000 00000159H .g4kmuc4                DATA
 0020:00000000 0000002aH .g4kmuc5                DATA
 0021:00000000 00000030H .g4kdat1                DATA
 0022:00000000 00000028H .g4kdat2                DATA

  Address         Publics by Value              Rva+Base       Lib:Object

 0000:00000000       __except_list              00000000     <absolute>
 0000:00000000       ___safe_se_handler_table   00000000     <absolute>
 0000:00000000       ___safe_se_handler_count   00000000     <absolute>
 0000:00009876       __ldused                   00009876     <absolute>
 0000:00009876       __fltused                  00009876     <absolute>
 0001:00000000       _cosf                      00601000 f i intro.obj
 0001:00000013       _sinf                      00601013 f i intro.obj
 0001:00000026       _sqrtf                     00601026 f i intro.obj
 0001:00000039       _tanf                      00601039 f i intro.obj
 0001:0000004c       ?abs@@YANN@Z               0060104c f i intro.obj
 0001:00000056       ?cos@@YAMM@Z               00601056 f i intro.obj
 0001:00000069       ?sin@@YAMM@Z               00601069 f i intro.obj
 0001:0000007c       ?sqrt@@YAMM@Z              0060107c f i intro.obj
 0001:0000008f       ?tan@@YAMM@Z               0060108f f i intro.obj
 0001:000000a2       ??2@YAPAXIPAX@Z            006010a2 f i intro.obj
 0001:000000aa       ?normalize@@YAXPAUVECTOR3D@@@Z 006010aa f   intro.obj
 0001:000002ae       ?init_sshape_postproc@@YAXXZ 006012ae f   intro.obj
 0001:00000413       ?init_postproc@@YAXXZ      00601413 f   intro.obj
 0001:000005cb       ?draw_postproc@@YAXMUFBOELEM@@I@Z 006015cb f   intro.obj
 0001:000006d9       ?init_bg@@YAXXZ            006016d9 f   intro.obj
 0001:00000873       ?draw_bg@@YAXM@Z           00601873 f   intro.obj
 0001:0000095b       ?intro_end@@YAXXZ          0060195b f   intro.obj
 0001:0000095c       ?DoCalc@@YAXMMMMMMMM@Z     0060195c f   intro.obj
 0001:00000f95       ?init_sshape@@YAXXZ        00601f95 f   intro.obj
 0001:000011a6       ?draw_sshape@@YAXM@Z       006021a6 f   intro.obj
 0001:00001742       ?draw_sshape_postproc@@YAXM@Z 00602742 f   intro.obj
 0001:0000189e       ?intro_init@@YAHHHHPAUIntroProgressDelegate@@@Z 0060289e f   intro.obj
 0001:00001a43       ?intro_do@@YAHXZ           00602a43 f   intro.obj
 0001:00001c63       ??0?$CBuffer@U?$tvec3@M@detail@glm@@@@QAE@XZ 00602c63 f i intro.obj
 0001:00001c70       ?size@?$CBuffer@U?$tvec3@M@detail@glm@@@@QAEHXZ 00602c70 f i intro.obj
 0001:00001c73       ??A?$CBuffer@U?$tvec3@M@detail@glm@@@@QAEAAU?$tvec3@M@detail@glm@@I@Z 00602c73 f i intro.obj
 0001:00001c83       ?allocate@?$CBuffer@U?$tvec3@M@detail@glm@@@@CAPAU?$tvec3@M@detail@glm@@I@Z 00602c83 f i intro.obj
 0001:00001c95       ?deleteRange@?$CBuffer@U?$tvec3@M@detail@glm@@@@CAXPAU?$tvec3@M@detail@glm@@0@Z 00602c95 f i intro.obj
 0001:00001c96       ??0?$tvec3@M@detail@glm@@QAE@ABM00@Z 00602c96 f i intro.obj
 0001:00001cb6       ??0?$tvec3@M@detail@glm@@QAE@ABU012@@Z 00602cb6 f i intro.obj
 0001:00001cd2       ??0?$tvec4@M@detail@glm@@QAE@ABM000@Z 00602cd2 f i intro.obj
 0001:00001cfa       ??$?DM@detail@glm@@YA?AU?$tvec4@M@01@ABU201@ABM@Z 00602cfa f i intro.obj
 0001:00001d26       ??_H@YGXPAXIHP6EPAX0@Z@Z   00602d26 f i intro.obj
 0001:00001d44       ??0?$tvec4@M@detail@glm@@QAE@ABU012@@Z 00602d44 f i intro.obj
 0001:00001d66       ??0?$tvec4@M@detail@glm@@QAE@XZ 00602d66 f i intro.obj
 0001:00001d76       ??4?$tvec4@M@detail@glm@@QAEAAU012@ABU012@@Z 00602d76 f i intro.obj
 0001:00001d98       ??0?$tmat4x4@M@detail@glm@@QAE@W4ctor@012@@Z 00602d98 f i intro.obj
 0001:00001db8       ??$radians@M@glm@@YAMABM@Z 00602db8 f i intro.obj
 0001:00001dce       ??$tan@M@glm@@YAMABM@Z     00602dce f i intro.obj
 0001:00001de3       ??$?HM@detail@glm@@YA?AU?$tvec4@M@01@ABU201@0@Z 00602de3 f i intro.obj
 0001:00001e12       ??$cos@M@glm@@YAMABM@Z     00602e12 f i intro.obj
 0001:00001e27       ??$sin@M@glm@@YAMABM@Z     00602e27 f i intro.obj
 0001:00001e3c       ??$?DM@detail@glm@@YA?AU?$tvec3@M@01@ABMABU201@@Z 00602e3c f i intro.obj
 0001:00001e60       ?length@?$tvec3@M@detail@glm@@QBEIXZ 00602e60 f i intro.obj
 0001:00001e64       ?length@?$tvec4@M@detail@glm@@QBEIXZ 00602e64 f i intro.obj
 0001:00001e68       ?length@?$tmat4x4@M@detail@glm@@QBEIXZ 00602e68 f i intro.obj
 0001:00001e6c       ??$inversesqrt@M@glm@@YAMABM@Z 00602e6c f i intro.obj
 0001:00001e8b       ??$?DM@detail@glm@@YA?AU?$tvec3@M@01@ABU201@ABM@Z 00602e8b f i intro.obj
 0001:00001eaf       ??1?$CBuffer@U?$tvec3@M@detail@glm@@@@QAE@XZ 00602eaf f i intro.obj
 0001:00001eb9       ?clear@?$CBuffer@U?$tvec3@M@detail@glm@@@@QAEXXZ 00602eb9 f i intro.obj
 0001:00001ed1       ?copyRange@?$CBuffer@U?$tvec3@M@detail@glm@@@@CAXPAU?$tvec3@M@detail@glm@@00@Z 00602ed1 f i intro.obj
 0001:00001f00       ??0?$tmat4x4@M@detail@glm@@QAE@ABM@Z 00602f00 f i intro.obj
 0001:00001f73       ??0?$tmat4x4@M@detail@glm@@QAE@ABU012@@Z 00602f73 f i intro.obj
 0001:00001ffa       ??$?0N@?$tmat4x4@M@detail@glm@@QAE@ABN@Z 00602ffa f i intro.obj
 0001:0000206d       ??A?$tvec3@M@detail@glm@@QBEABMI@Z 0060306d f i intro.obj
 0001:00002099       ??A?$tvec3@M@detail@glm@@QAEAAMI@Z 00603099 f i intro.obj
 0001:000020c5       ??A?$tvec4@M@detail@glm@@QBEABMI@Z 006030c5 f i intro.obj
 0001:000020f1       ??A?$tvec4@M@detail@glm@@QAEAAMI@Z 006030f1 f i intro.obj
 0001:0000211d       ??A?$tmat4x4@M@detail@glm@@QBEABU?$tvec4@M@12@I@Z 0060311d f i intro.obj
 0001:0000214a       ??A?$tmat4x4@M@detail@glm@@QAEAAU?$tvec4@M@12@I@Z 0060314a f i intro.obj
 0001:00002177       ??$normalize@M@glm@@YA?AU?$tvec3@M@detail@0@ABU120@@Z 00603177 f i intro.obj
 0001:000021cf       ?push_back@?$CBuffer@U?$tvec3@M@detail@glm@@@@QAEXABU?$tvec3@M@detail@glm@@@Z 006031cf f i intro.obj
 0001:00002268       ??4?$tmat4x4@M@detail@glm@@QAEAAU012@ABU012@@Z 00603268 f i intro.obj
 0001:000022d2       ??$perspective@M@glm@@YA?AU?$tmat4x4@M@detail@0@ABM000@Z 006032d2 f i intro.obj
 0001:0000238c       ??$translate@M@glm@@YA?AU?$tmat4x4@M@detail@0@ABU120@ABU?$tvec3@M@20@@Z 0060338c f i intro.obj
 0001:00002427       ??$rotate@M@glm@@YA?AU?$tmat4x4@M@detail@0@ABU120@ABMABU?$tvec3@M@20@@Z 00603427 f i intro.obj
 0001:000026c9       ??$?DM@detail@glm@@YA?AU?$tmat4x4@M@01@ABU201@0@Z 006036c9 f i intro.obj
 0001:00002a33       ??$value_ptr@M@glm@@YAPAMAAU?$tmat4x4@M@detail@0@@Z 00603a33 f i intro.obj
 0001:00002a3b       _sync_data_deinit          00603a3b f   data.obj
 0001:00002a82       _sync_create_track         00603a82 f   data.obj
 0001:00002b66       _sync_set_io_cb            00603b66 f   device.obj
 0001:00002b82       _sync_create_device        00603b82 f   device.obj
 0001:00002bd2       _sync_destroy_device       00603bd2 f   device.obj
 0001:00002ca4       _sync_get_track            00603ca4 f   device.obj
 0001:00002e2a       _sync_get_track_mem        00603e2a f   device.obj
 0001:00002f02       _sync_find_key             00603f02 f   track.obj
 0001:00002f5e       _sync_get_val              00603f5e f   track.obj
 0001:0000306e       _gl3wIsSupported           0060406e f   gl3w.obj
 0001:000030a1       _gl3wGetProcAddress        006040a1 f   gl3w.obj
 0001:000058c6       _gl3wInit                  006068c6 f   gl3w.obj
 0001:000058da       ?rand_range@@YAHHH@Z       006068da f   msys.obj
 0001:000058f3       ?rand_rangef@@YAMMM@Z      006068f3 f   msys.obj
 0001:0000591b       ?msys_init@@YAH_K@Z        0060691b f   msys.obj
 0001:00005927       ?msys_end@@YAXXZ           00606927 f   msys.obj
 0001:00005928       ?GetTime@@YAJXZ            00606928 f   msys.obj
 0001:0000598f       ?msys_glextInit@@YAHXZ     0060698f f   msys_glext.obj
 0001:0000599a       ?loadTexGenTexMemory@@YAIPAEHHH@Z 0060699a f   msys_glext.obj
 0001:00005a3d       ?loadTexGenTex@@YAIPADHH@Z 00606a3d f   msys_glext.obj
 0001:00005add       ?readShaderFile@@YAPAEPBD@Z 00606add f   msys_glext.obj
 0001:00005b55       ?initShader@@YAXPAHPBD1@Z  00606b55 f   msys_glext.obj
 0001:00005c6b       ?init_fbo@@YA?AUFBOELEM@@HH_N@Z 00606c6b f   msys_glext.obj
 0001:00005dd9       _fabsf                     00606dd9 f i msys_texgen.obj
 0001:00005de9       _atanf                     00606de9 f i msys_texgen.obj
 0001:00005dfc       _fmodf                     00606dfc f i msys_texgen.obj
 0001:00005e12       ?atan@@YAMM@Z              00606e12 f i msys_texgen.obj
 0001:00005e25       ?fabs@@YAMM@Z              00606e25 f i msys_texgen.obj
 0001:00005e35       ?errorExit@@YAXPAD@Z       00606e35 f   msys_texgen.obj
 0001:00005e4f       ??0TextureGenerator@@QAE@XZ 00606e4f f   msys_texgen.obj
 0001:00005e60       ?initLayers@TextureGenerator@@QAEXHH@Z 00606e60 f   msys_texgen.obj
 0001:00005eec       ?deInitLayers@TextureGenerator@@QAEXXZ 00606eec f   msys_texgen.obj
 0001:00005f33       ?getLayer@TextureGenerator@@QAEPAURGBA@@E@Z 00606f33 f   msys_texgen.obj
 0001:00005f47       ?myRandom@TextureGenerator@@AAEJXZ 00606f47 f   msys_texgen.obj
 0001:00005f5d       ?cosineInterpolate@TextureGenerator@@AAE?AURGBA@@PAU2@MM@Z 00606f5d f   msys_texgen.obj
 0001:000060ae       ?mySqrtInt@TextureGenerator@@AAEJJ@Z 006070ae f   msys_texgen.obj
 0001:000060ed       ?hsv2rgb@TextureGenerator@@AAEXMMMPAM00@Z 006070ed f   msys_texgen.obj
 0001:0000623d       ?rgb2hsv@TextureGenerator@@AAEXMMMPAM00@Z 0060723d f   msys_texgen.obj
 0001:000063f1       ?getBilerpPixel@TextureGenerator@@AAE?AURGBA@@EMM@Z 006073f1 f   msys_texgen.obj
 0001:000064ad       ?subPlasma@TextureGenerator@@AAEXEJJJ_N@Z 006074ad f   msys_texgen.obj
 0001:00006715       ?sinePlasma@TextureGenerator@@AAEXEMMM@Z 00607715 f   msys_texgen.obj
 0001:00006815       ?perlinNoise@TextureGenerator@@AAEXEJJJJJ_N@Z 00607815 f   msys_texgen.obj
 0001:00006972       ?particle@TextureGenerator@@AAEXEM@Z 00607972 f   msys_texgen.obj
 0001:00006aa3       ?colorLayer@TextureGenerator@@AAEXEEEE@Z 00607aa3 f   msys_texgen.obj
 0001:00006af8       ?checkerBoardLayer@TextureGenerator@@AAEXEJJEEEEEE@Z 00607af8 f   msys_texgen.obj
 0001:00006b8f       ?blobsLayer@TextureGenerator@@AAEXEJE_N@Z 00607b8f f   msys_texgen.obj
 0001:00006e8e       ?scaleLayerRGB@TextureGenerator@@AAEXEEMMM@Z 00607e8e f   msys_texgen.obj
 0001:00007006       ?scaleLayerHSV@TextureGenerator@@AAEXEEMMM@Z 00608006 f   msys_texgen.obj
 0001:0000717b       ?adjustLayerRGB@TextureGenerator@@AAEXEEMMM@Z 0060817b f   msys_texgen.obj
 0001:000072f3       ?adjustLayerHSV@TextureGenerator@@AAEXEEMMM@Z 006082f3 f   msys_texgen.obj
 0001:00007468       ?sineLayerRGB@TextureGenerator@@AAEXEEMMM@Z 00608468 f   msys_texgen.obj
 0001:000075b7       ?equalizeRGB@TextureGenerator@@AAEXEE@Z 006085b7 f   msys_texgen.obj
 0001:00007740       ?stretchRGB@TextureGenerator@@AAEXEE@Z 00608740 f   msys_texgen.obj
 0001:00007972       ?invertLayer@TextureGenerator@@AAEXEE@Z 00608972 f   msys_texgen.obj
 0001:000079c0       ?matrixLayer@TextureGenerator@@AAEXEE_NQAY02M@Z 006089c0 f   msys_texgen.obj
 0001:00007c01       ?embossLayer@TextureGenerator@@AAEXEE@Z 00608c01 f   msys_texgen.obj
 0001:00007fd3       ?woodLayer@TextureGenerator@@AAEXEEE@Z 00608fd3 f   msys_texgen.obj
 0001:000080b5       ?blurLayer@TextureGenerator@@AAEXEE@Z 006090b5 f   msys_texgen.obj
 0001:00008101       ?edgeHLayer@TextureGenerator@@AAEXEE@Z 00609101 f   msys_texgen.obj
 0001:00008151       ?edgeVLayer@TextureGenerator@@AAEXEE@Z 00609151 f   msys_texgen.obj
 0001:000081a7       ?sharpenLayer@TextureGenerator@@AAEXEE@Z 006091a7 f   msys_texgen.obj
 0001:000081f3       ?motionBlur@TextureGenerator@@AAEXEEE@Z 006091f3 f   msys_texgen.obj
 0001:00008362       ?makeTileable@TextureGenerator@@AAEXEEJ@Z 00609362 f   msys_texgen.obj
 0001:00008635       ?median@TextureGenerator@@AAEEPAE@Z 00609635 f   msys_texgen.obj
 0001:00008682       ?medianLayer@TextureGenerator@@AAEXEE@Z 00609682 f   msys_texgen.obj
 0001:00008816       ?erodeLayer@TextureGenerator@@AAEXEE@Z 00609816 f   msys_texgen.obj
 0001:0000a59f       ?dilateLayer@TextureGenerator@@AAEXEE@Z 0060b59f f   msys_texgen.obj
 0001:0000c328       ?sineDistort@TextureGenerator@@AAEXEEMMMM@Z 0060d328 f   msys_texgen.obj
 0001:0000c42d       ?twirlLayer@TextureGenerator@@AAEXEEMM@Z 0060d42d f   msys_texgen.obj
 0001:0000c690       ?tileLayer@TextureGenerator@@AAEXEE@Z 0060d690 f   msys_texgen.obj
 0001:0000c82d       ?noiseDistort@TextureGenerator@@AAEXEEJE@Z 0060d82d f   msys_texgen.obj
 0001:0000c938       ?moveDistort@TextureGenerator@@AAEXEEHH@Z 0060d938 f   msys_texgen.obj
 0001:0000c9ec       ?kaleidLayer@TextureGenerator@@AAEXEEE@Z 0060d9ec f   msys_texgen.obj
 0001:0000c9f7       ?tunnelDistort@TextureGenerator@@AAEXEEM@Z 0060d9f7 f   msys_texgen.obj
 0001:0000cbfe       ?sculptureLayer@TextureGenerator@@AAEXEE@Z 0060dbfe f   msys_texgen.obj
 0001:0000cc09       ?mapDistort@TextureGenerator@@AAEXEEEMM@Z 0060dc09 f   msys_texgen.obj
 0001:0000cd4a       ?addLayers@TextureGenerator@@AAEXEEEMM@Z 0060dd4a f   msys_texgen.obj
 0001:0000ced9       ?mulLayers@TextureGenerator@@AAEXEEEMM@Z 0060ded9 f   msys_texgen.obj
 0001:0000d066       ?xorLayers@TextureGenerator@@AAEXEEEMM@Z 0060e066 f   msys_texgen.obj
 0001:0000d0d6       ?andLayers@TextureGenerator@@AAEXEEEMM@Z 0060e0d6 f   msys_texgen.obj
 0001:0000d146       ?orLayers@TextureGenerator@@AAEXEEEMM@Z 0060e146 f   msys_texgen.obj
 0001:0000d1b6       ?randCombineLayers@TextureGenerator@@AAEXEEEMM@Z 0060e1b6 f   msys_texgen.obj
 0001:0000d21d       ?maxCombineLayers@TextureGenerator@@AAEXEEEMM@Z 0060e21d f   msys_texgen.obj
 0001:0000d322       ?minCombineLayers@TextureGenerator@@AAEXEEEMM@Z 0060e322 f   msys_texgen.obj
 0001:0000d427       ?getTextureGenerator@@YAPAVTextureGenerator@@XZ 0060e427 f   msys_texgen.obj
 0001:0000d457       ??1TextureGenerator@@QAE@XZ 0060e457 f   msys_texgen.obj
 0001:0000d483       ?doOneStuff@TextureGenerator@@QAEXJPAM@Z 0060e483 f   msys_texgen.obj
 0001:0000dd99       ?tex2mem@TextureGenerator@@QAEXPAPAURGBA@@PAEHHH_N@Z 0060ed99 f   msys_texgen.obj
 0001:0000dea9       ?tex2mem@TextureGenerator@@QAEXPAPAURGBA@@PADHH_N@Z 0060eea9 f   msys_texgen.obj
 0001:0000dfe1       ??_GTextureGenerator@@QAEPAXI@Z 0060efe1 f i msys_texgen.obj
 0001:0000e000       _wglCreateContextAttribsARB 0060f000 f   WGL_ARB_create_context.obj
 0001:0000e0bb       _wglGetExtensionsStringARB 0060f0bb f   WGL_ARB_extensions_string.obj
 0001:0000e167       _main                      0060f167 f   main_rel.obj
 0001:0000e4f6       __wassert                  0060f4f6 f   main_rel.obj
 0001:0000e4f7       ?entrypoint@@YAXXZ         0060f4f7 f   main_rel.obj
 0001:0000e650       _wglGetProcAddress@4       0060f650 f   opengl32:OPENGL32.dll
 0001:0000e656       _wglDeleteContext@4        0060f656 f   opengl32:OPENGL32.dll
 0001:0000e65c       _wglMakeCurrent@8          0060f65c f   opengl32:OPENGL32.dll
 0001:0000e662       _wglCreateContext@4        0060f662 f   opengl32:OPENGL32.dll
 0001:0000e668       _wglGetCurrentContext@0    0060f668 f   opengl32:OPENGL32.dll
 0001:0000e66e       _waveOutWrite@12           0060f66e f   winmm:WINMM.dll
 0001:0000e674       _waveOutPrepareHeader@12   0060f674 f   winmm:WINMM.dll
 0001:0000e67a       _waveOutOpen@24            0060f67a f   winmm:WINMM.dll
 0001:0000e680       _timeGetTime@0             0060f680 f   winmm:WINMM.dll
 0001:0000e686       _waveOutGetPosition@12     0060f686 f   winmm:WINMM.dll
 0001:0000e68c       _timeEndPeriod@4           0060f68c f   winmm:WINMM.dll
 0001:0000e692       _timeBeginPeriod@4         0060f692 f   winmm:WINMM.dll
 0001:0000e698       _timeGetDevCaps@8          0060f698 f   winmm:WINMM.dll
 0001:0000e6a0       __CIcos                    0060f6a0 f   msvcrt_vc6:MSVCRT.dll
 0001:0000e6a6       __CIsin                    0060f6a6 f   msvcrt_vc6:MSVCRT.dll
 0001:0000e6ac       __CIsqrt                   0060f6ac f   msvcrt_vc6:MSVCRT.dll
 0001:0000e6b2       __CItan                    0060f6b2 f   msvcrt_vc6:MSVCRT.dll
 0001:0000e6b8       __CIpow                    0060f6b8 f   msvcrt_vc6:MSVCRT.dll
 0001:0000e6be       _malloc                    0060f6be f   msvcrt_vc6:MSVCRT.dll
 0001:0000e6c4       _free                      0060f6c4 f   msvcrt_vc6:MSVCRT.dll
 0001:0000e6ca       _memcpy                    0060f6ca f   msvcrt_vc6:MSVCRT.dll
 0001:0000e6d0       _srand                     0060f6d0 f   msvcrt_vc6:MSVCRT.dll
 0001:0000e6d6       __onexit                   0060f6d6 f   msvcrt_vc6:atonexit.obj
 0001:0000e702       _atexit                    0060f702 f   msvcrt_vc6:atonexit.obj
 0001:0000e714       _realloc                   0060f714 f   msvcrt_vc6:MSVCRT.dll
 0001:0000e71a       __strdup                   0060f71a f   msvcrt_vc6:MSVCRT.dll
 0001:0000e720       _strncat                   0060f720 f   msvcrt_vc6:MSVCRT.dll
 0001:0000e726       _strncpy                   0060f726 f   msvcrt_vc6:MSVCRT.dll
 0001:0000e72c       _fclose                    0060f72c f   msvcrt_vc6:MSVCRT.dll
 0001:0000e732       _fread                     0060f732 f   msvcrt_vc6:MSVCRT.dll
 0001:0000e738       _fopen                     0060f738 f   msvcrt_vc6:MSVCRT.dll
 0001:0000e73e       _floor                     0060f73e f   msvcrt_vc6:MSVCRT.dll
 0001:0000e744       _rand                      0060f744 f   msvcrt_vc6:MSVCRT.dll
 0001:0000e74a       _calloc                    0060f74a f   msvcrt_vc6:MSVCRT.dll
 0001:0000e750       ??2@YAPAXI@Z               0060f750 f   msvcrt_vc6:MSVCRT.dll
 0001:0000e756       _ftell                     0060f756 f   msvcrt_vc6:MSVCRT.dll
 0001:0000e75c       _fseek                     0060f75c f   msvcrt_vc6:MSVCRT.dll
 0001:0000e762       _printf                    0060f762 f   msvcrt_vc6:MSVCRT.dll
 0001:0000e768       __CIatan                   0060f768 f   msvcrt_vc6:MSVCRT.dll
 0001:0000e76e       __CIfmod                   0060f76e f   msvcrt_vc6:MSVCRT.dll
 0001:0000e774       _exit                      0060f774 f   msvcrt_vc6:MSVCRT.dll
 0001:0000e77a       _memset                    0060f77a f   msvcrt_vc6:MSVCRT.dll
 0001:0000e780       ??3@YAXPAX@Z               0060f780 f   msvcrt_vc6:MSVCRT.dll
 0001:0000e786       ___dllonexit               0060f786 f   msvcrt_vc6:MSVCRT.dll
 0001:0000e78c       _LoadLibraryA@4            0060f78c f   kernel32:KERNEL32.dll
 0001:0000e792       _FreeLibrary@4             0060f792 f   kernel32:KERNEL32.dll
 0001:0000e798       _GetProcAddress@8          0060f798 f   kernel32:KERNEL32.dll
 0001:0000e79e       _GetTickCount@0            0060f79e f   kernel32:KERNEL32.dll
 0001:0000e7a4       _QueryPerformanceCounter@4 0060f7a4 f   kernel32:KERNEL32.dll
 0001:0000e7aa       _QueryPerformanceFrequency@4 0060f7aa f   kernel32:KERNEL32.dll
 0001:0000e7b0       _GetModuleHandleA@4        0060f7b0 f   kernel32:KERNEL32.dll
 0001:0000e7b6       _Sleep@4                   0060f7b6 f   kernel32:KERNEL32.dll
 0001:0000e7bc       _ExitProcess@4             0060f7bc f   kernel32:KERNEL32.dll
 0001:0000e7c2       _MessageBoxA@16            0060f7c2 f   user32:USER32.dll
 0001:0000e7c8       _PostQuitMessage@4         0060f7c8 f   user32:USER32.dll
 0001:0000e7ce       _DefWindowProcA@16         0060f7ce f   user32:USER32.dll
 0001:0000e7d4       _ShowCursor@4              0060f7d4 f   user32:USER32.dll
 0001:0000e7da       _ChangeDisplaySettingsA@8  0060f7da f   user32:USER32.dll
 0001:0000e7e0       _UnregisterClassA@8        0060f7e0 f   user32:USER32.dll
 0001:0000e7e6       _DestroyWindow@4           0060f7e6 f   user32:USER32.dll
 0001:0000e7ec       _ReleaseDC@8               0060f7ec f   user32:USER32.dll
 0001:0000e7f2       _SetFocus@4                0060f7f2 f   user32:USER32.dll
 0001:0000e7f8       _SetForegroundWindow@4     0060f7f8 f   user32:USER32.dll
 0001:0000e7fe       _GetDC@4                   0060f7fe f   user32:USER32.dll
 0001:0000e804       _CreateWindowExA@48        0060f804 f   user32:USER32.dll
 0001:0000e80a       _GetSystemMetrics@4        0060f80a f   user32:USER32.dll
 0001:0000e810       _AdjustWindowRect@12       0060f810 f   user32:USER32.dll
 0001:0000e816       _RegisterClassA@4          0060f816 f   user32:USER32.dll
 0001:0000e81c       _PeekMessageA@20           0060f81c f   user32:USER32.dll
 0001:0000e822       _DispatchMessageA@4        0060f822 f   user32:USER32.dll
 0001:0000e828       _TextOutA@20               0060f828 f   gdi32:GDI32.dll
 0001:0000e82e       _CreateFontA@56            0060f82e f   gdi32:GDI32.dll
 0001:0000e834       _SetTextColor@8            0060f834 f   gdi32:GDI32.dll
 0001:0000e83a       _SetBkMode@8               0060f83a f   gdi32:GDI32.dll
 0001:0000e840       _Rectangle@20              0060f840 f   gdi32:GDI32.dll
 0001:0000e846       _SelectObject@8            0060f846 f   gdi32:GDI32.dll
 0001:0000e84c       _CreateSolidBrush@4        0060f84c f   gdi32:GDI32.dll
 0001:0000e852       _SetPixelFormat@12         0060f852 f   gdi32:GDI32.dll
 0001:0000e858       _ChoosePixelFormat@8       0060f858 f   gdi32:GDI32.dll
 0001:0000e85e       _SwapBuffers@4             0060f85e f   gdi32:GDI32.dll
 0002:00000000       _FloatRandomNumber@0       00610000     purplebreak.obj
 0005:0000000b       _Power@0                   0061300b     purplebreak.obj
 0006:00000000       _go4kENV_func@0            00614000     purplebreak.obj
 000a:00000000       _go4kVCO_func@0            00618000     purplebreak.obj
 000b:00000000       _go4kVCF_func@0            00619000     purplebreak.obj
 000c:00000000       _go4kDST_func@0            0061a000     purplebreak.obj
 000d:00000000       _go4kDLL_func@0            0061b000     purplebreak.obj
 000e:00000000       _go4kFOP_func@0            0061c000     purplebreak.obj
 000f:00000000       _go4kFST_func@0            0061d000     purplebreak.obj
 0010:00000000       _go4kFLD_func@0            0061e000     purplebreak.obj
 0011:00000000       _go4kPAN_func@0            0061f000     purplebreak.obj
 0012:00000000       _go4kOUT_func@0            00620000     purplebreak.obj
 0013:00000000       _go4kACC_func@0            00621000     purplebreak.obj
 0016:00000000       __4klang_render@4          00624000     purplebreak.obj
 0018:00002518       _go4k_delay_buffer_ofs     00628518     purplebreak.obj
 0018:0000251c       _go4k_delay_buffer         0062851c     purplebreak.obj
 0018:075049ac       __4klang_envelope_buffer   07b2a9ac     purplebreak.obj
 0018:07761f6c       __4klang_note_buffer       07d87f6c     purplebreak.obj
 0019:00000000       __imp__SwapBuffers@4       07fe6000     gdi32:GDI32.dll
 0019:00000004       __imp__ChoosePixelFormat@8 07fe6004     gdi32:GDI32.dll
 0019:00000008       __imp__SetPixelFormat@12   07fe6008     gdi32:GDI32.dll
 0019:0000000c       __imp__CreateSolidBrush@4  07fe600c     gdi32:GDI32.dll
 0019:00000010       __imp__SelectObject@8      07fe6010     gdi32:GDI32.dll
 0019:00000014       __imp__Rectangle@20        07fe6014     gdi32:GDI32.dll
 0019:00000018       __imp__SetBkMode@8         07fe6018     gdi32:GDI32.dll
 0019:0000001c       __imp__SetTextColor@8      07fe601c     gdi32:GDI32.dll
 0019:00000020       __imp__CreateFontA@56      07fe6020     gdi32:GDI32.dll
 0019:00000024       __imp__TextOutA@20         07fe6024     gdi32:GDI32.dll
 0019:00000028       \177GDI32_NULL_THUNK_DATA  07fe6028     gdi32:GDI32.dll
 0019:0000002c       __imp__ExitProcess@4       07fe602c     kernel32:KERNEL32.dll
 0019:00000030       __imp__Sleep@4             07fe6030     kernel32:KERNEL32.dll
 0019:00000034       __imp__GetModuleHandleA@4  07fe6034     kernel32:KERNEL32.dll
 0019:00000038       __imp__QueryPerformanceCounter@4 07fe6038     kernel32:KERNEL32.dll
 0019:0000003c       __imp__GetTickCount@0      07fe603c     kernel32:KERNEL32.dll
 0019:00000040       __imp__GetProcAddress@8    07fe6040     kernel32:KERNEL32.dll
 0019:00000044       __imp__FreeLibrary@4       07fe6044     kernel32:KERNEL32.dll
 0019:00000048       __imp__LoadLibraryA@4      07fe6048     kernel32:KERNEL32.dll
 0019:0000004c       __imp__QueryPerformanceFrequency@4 07fe604c     kernel32:KERNEL32.dll
 0019:00000050       \177KERNEL32_NULL_THUNK_DATA 07fe6050     kernel32:KERNEL32.dll
 0019:00000054       __imp__free                07fe6054     msvcrt_vc6:MSVCRT.dll
 0019:00000058       __imp__memcpy              07fe6058     msvcrt_vc6:MSVCRT.dll
 0019:0000005c       __imp__srand               07fe605c     msvcrt_vc6:MSVCRT.dll
 0019:00000060       __imp__realloc             07fe6060     msvcrt_vc6:MSVCRT.dll
 0019:00000064       __imp___strdup             07fe6064     msvcrt_vc6:MSVCRT.dll
 0019:00000068       __imp__malloc              07fe6068     msvcrt_vc6:MSVCRT.dll
 0019:0000006c       __imp__strncpy             07fe606c     msvcrt_vc6:MSVCRT.dll
 0019:00000070       __imp__fclose              07fe6070     msvcrt_vc6:MSVCRT.dll
 0019:00000074       __imp__fread               07fe6074     msvcrt_vc6:MSVCRT.dll
 0019:00000078       __imp__fopen               07fe6078     msvcrt_vc6:MSVCRT.dll
 0019:0000007c       __imp__floor               07fe607c     msvcrt_vc6:MSVCRT.dll
 0019:00000080       __imp__rand                07fe6080     msvcrt_vc6:MSVCRT.dll
 0019:00000084       __imp__calloc              07fe6084     msvcrt_vc6:MSVCRT.dll
 0019:00000088       __imp_??2@YAPAXI@Z         07fe6088     msvcrt_vc6:MSVCRT.dll
 0019:0000008c       __imp__ftell               07fe608c     msvcrt_vc6:MSVCRT.dll
 0019:00000090       __imp__fseek               07fe6090     msvcrt_vc6:MSVCRT.dll
 0019:00000094       __imp__printf              07fe6094     msvcrt_vc6:MSVCRT.dll
 0019:00000098       __imp___CIatan             07fe6098     msvcrt_vc6:MSVCRT.dll
 0019:0000009c       __imp___CIfmod             07fe609c     msvcrt_vc6:MSVCRT.dll
 0019:000000a0       __imp__exit                07fe60a0     msvcrt_vc6:MSVCRT.dll
 0019:000000a4       __imp__memset              07fe60a4     msvcrt_vc6:MSVCRT.dll
 0019:000000a8       __imp_??3@YAXPAX@Z         07fe60a8     msvcrt_vc6:MSVCRT.dll
 0019:000000ac       __imp____dllonexit         07fe60ac     msvcrt_vc6:MSVCRT.dll
 0019:000000b0       __imp___onexit             07fe60b0     msvcrt_vc6:MSVCRT.dll
 0019:000000b4       __imp___CIpow              07fe60b4     msvcrt_vc6:MSVCRT.dll
 0019:000000b8       __imp___CItan              07fe60b8     msvcrt_vc6:MSVCRT.dll
 0019:000000bc       __imp___CIsqrt             07fe60bc     msvcrt_vc6:MSVCRT.dll
 0019:000000c0       __imp___CIsin              07fe60c0     msvcrt_vc6:MSVCRT.dll
 0019:000000c4       __imp___CIcos              07fe60c4     msvcrt_vc6:MSVCRT.dll
 0019:000000c8       __imp__strncat             07fe60c8     msvcrt_vc6:MSVCRT.dll
 0019:000000cc       \177MSVCRT_NULL_THUNK_DATA 07fe60cc     msvcrt_vc6:MSVCRT.dll
 0019:000000d0       __imp__wglGetProcAddress@4 07fe60d0     opengl32:OPENGL32.dll
 0019:000000d4       __imp__wglDeleteContext@4  07fe60d4     opengl32:OPENGL32.dll
 0019:000000d8       __imp__wglMakeCurrent@8    07fe60d8     opengl32:OPENGL32.dll
 0019:000000dc       __imp__wglCreateContext@4  07fe60dc     opengl32:OPENGL32.dll
 0019:000000e0       __imp__wglGetCurrentContext@0 07fe60e0     opengl32:OPENGL32.dll
 0019:000000e4       \177OPENGL32_NULL_THUNK_DATA 07fe60e4     opengl32:OPENGL32.dll
 0019:000000e8       __imp__DefWindowProcA@16   07fe60e8     user32:USER32.dll
 0019:000000ec       __imp__ShowCursor@4        07fe60ec     user32:USER32.dll
 0019:000000f0       __imp__ChangeDisplaySettingsA@8 07fe60f0     user32:USER32.dll
 0019:000000f4       __imp__UnregisterClassA@8  07fe60f4     user32:USER32.dll
 0019:000000f8       __imp__DestroyWindow@4     07fe60f8     user32:USER32.dll
 0019:000000fc       __imp__ReleaseDC@8         07fe60fc     user32:USER32.dll
 0019:00000100       __imp__PostQuitMessage@4   07fe6100     user32:USER32.dll
 0019:00000104       __imp__SetForegroundWindow@4 07fe6104     user32:USER32.dll
 0019:00000108       __imp__GetDC@4             07fe6108     user32:USER32.dll
 0019:0000010c       __imp__CreateWindowExA@48  07fe610c     user32:USER32.dll
 0019:00000110       __imp__GetSystemMetrics@4  07fe6110     user32:USER32.dll
 0019:00000114       __imp__AdjustWindowRect@12 07fe6114     user32:USER32.dll
 0019:00000118       __imp__RegisterClassA@4    07fe6118     user32:USER32.dll
 0019:0000011c       __imp__PeekMessageA@20     07fe611c     user32:USER32.dll
 0019:00000120       __imp__DispatchMessageA@4  07fe6120     user32:USER32.dll
 0019:00000124       __imp__MessageBoxA@16      07fe6124     user32:USER32.dll
 0019:00000128       __imp__SetFocus@4          07fe6128     user32:USER32.dll
 0019:0000012c       \177USER32_NULL_THUNK_DATA 07fe612c     user32:USER32.dll
 0019:00000130       __imp__waveOutOpen@24      07fe6130     winmm:WINMM.dll
 0019:00000134       __imp__waveOutPrepareHeader@12 07fe6134     winmm:WINMM.dll
 0019:00000138       __imp__waveOutWrite@12     07fe6138     winmm:WINMM.dll
 0019:0000013c       __imp__timeGetTime@0       07fe613c     winmm:WINMM.dll
 0019:00000140       __imp__waveOutGetPosition@12 07fe6140     winmm:WINMM.dll
 0019:00000144       __imp__timeEndPeriod@4     07fe6144     winmm:WINMM.dll
 0019:00000148       __imp__timeBeginPeriod@4   07fe6148     winmm:WINMM.dll
 0019:0000014c       __imp__timeGetDevCaps@8    07fe614c     winmm:WINMM.dll
 0019:00000150       \177WINMM_NULL_THUNK_DATA  07fe6150     winmm:WINMM.dll
 0019:0000017c       ?has_denorm@_Num_base@std@@2W4float_denorm_style@2@B 07fe617c     intro.obj
 0019:00000180       ?has_denorm_loss@_Num_base@std@@2_NB 07fe6180     intro.obj
 0019:00000181       ?has_infinity@_Num_base@std@@2_NB 07fe6181     intro.obj
 0019:00000182       ?has_quiet_NaN@_Num_base@std@@2_NB 07fe6182     intro.obj
 0019:00000183       ?has_signaling_NaN@_Num_base@std@@2_NB 07fe6183     intro.obj
 0019:00000184       ?is_bounded@_Num_base@std@@2_NB 07fe6184     intro.obj
 0019:00000185       ?is_exact@_Num_base@std@@2_NB 07fe6185     intro.obj
 0019:00000186       ?is_iec559@_Num_base@std@@2_NB 07fe6186     intro.obj
 0019:00000187       ?is_integer@_Num_base@std@@2_NB 07fe6187     intro.obj
 0019:00000188       ?is_modulo@_Num_base@std@@2_NB 07fe6188     intro.obj
 0019:00000189       ?is_signed@_Num_base@std@@2_NB 07fe6189     intro.obj
 0019:0000018a       ?is_specialized@_Num_base@std@@2_NB 07fe618a     intro.obj
 0019:0000018b       ?tinyness_before@_Num_base@std@@2_NB 07fe618b     intro.obj
 0019:0000018c       ?traps@_Num_base@std@@2_NB 07fe618c     intro.obj
 0019:00000190       ?round_style@_Num_base@std@@2W4float_round_style@2@B 07fe6190     intro.obj
 0019:00000194       ?digits@_Num_base@std@@2HB 07fe6194     intro.obj
 0019:00000198       ?digits10@_Num_base@std@@2HB 07fe6198     intro.obj
 0019:0000019c       ?max_digits10@_Num_base@std@@2HB 07fe619c     intro.obj
 0019:000001a0       ?max_exponent@_Num_base@std@@2HB 07fe61a0     intro.obj
 0019:000001a4       ?max_exponent10@_Num_base@std@@2HB 07fe61a4     intro.obj
 0019:000001a8       ?min_exponent@_Num_base@std@@2HB 07fe61a8     intro.obj
 0019:000001ac       ?min_exponent10@_Num_base@std@@2HB 07fe61ac     intro.obj
 0019:000001b0       ?radix@_Num_base@std@@2HB  07fe61b0     intro.obj
 0019:000001b4       ?is_bounded@_Num_int_base@std@@2_NB 07fe61b4     intro.obj
 0019:000001b5       ?is_exact@_Num_int_base@std@@2_NB 07fe61b5     intro.obj
 0019:000001b6       ?is_integer@_Num_int_base@std@@2_NB 07fe61b6     intro.obj
 0019:000001b7       ?is_modulo@_Num_int_base@std@@2_NB 07fe61b7     intro.obj
 0019:000001b8       ?is_specialized@_Num_int_base@std@@2_NB 07fe61b8     intro.obj
 0019:000001bc       ?radix@_Num_int_base@std@@2HB 07fe61bc     intro.obj
 0019:000001c0       ?has_denorm@_Num_float_base@std@@2W4float_denorm_style@2@B 07fe61c0     intro.obj
 0019:000001c4       ?has_denorm_loss@_Num_float_base@std@@2_NB 07fe61c4     intro.obj
 0019:000001c5       ?has_infinity@_Num_float_base@std@@2_NB 07fe61c5     intro.obj
 0019:000001c6       ?has_quiet_NaN@_Num_float_base@std@@2_NB 07fe61c6     intro.obj
 0019:000001c7       ?has_signaling_NaN@_Num_float_base@std@@2_NB 07fe61c7     intro.obj
 0019:000001c8       ?is_bounded@_Num_float_base@std@@2_NB 07fe61c8     intro.obj
 0019:000001c9       ?is_exact@_Num_float_base@std@@2_NB 07fe61c9     intro.obj
 0019:000001ca       ?is_iec559@_Num_float_base@std@@2_NB 07fe61ca     intro.obj
 0019:000001cb       ?is_integer@_Num_float_base@std@@2_NB 07fe61cb     intro.obj
 0019:000001cc       ?is_modulo@_Num_float_base@std@@2_NB 07fe61cc     intro.obj
 0019:000001cd       ?is_signed@_Num_float_base@std@@2_NB 07fe61cd     intro.obj
 0019:000001ce       ?is_specialized@_Num_float_base@std@@2_NB 07fe61ce     intro.obj
 0019:000001cf       ?tinyness_before@_Num_float_base@std@@2_NB 07fe61cf     intro.obj
 0019:000001d0       ?traps@_Num_float_base@std@@2_NB 07fe61d0     intro.obj
 0019:000001d4       ?round_style@_Num_float_base@std@@2W4float_round_style@2@B 07fe61d4     intro.obj
 0019:000001d8       ?radix@_Num_float_base@std@@2HB 07fe61d8     intro.obj
 0019:000001dc       ?is_signed@?$numeric_limits@D@std@@2_NB 07fe61dc     intro.obj
 0019:000001e0       ?digits@?$numeric_limits@D@std@@2HB 07fe61e0     intro.obj
 0019:000001e4       ?digits10@?$numeric_limits@D@std@@2HB 07fe61e4     intro.obj
 0019:000001e8       ?max_digits10@?$numeric_limits@D@std@@2HB 07fe61e8     intro.obj
 0019:000001ec       ?is_signed@?$numeric_limits@_W@std@@2_NB 07fe61ec     intro.obj
 0019:000001f0       ?digits@?$numeric_limits@_W@std@@2HB 07fe61f0     intro.obj
 0019:000001f4       ?digits10@?$numeric_limits@_W@std@@2HB 07fe61f4     intro.obj
 0019:000001f8       ?max_digits10@?$numeric_limits@_W@std@@2HB 07fe61f8     intro.obj
 0019:000001fc       ?is_modulo@?$numeric_limits@_N@std@@2_NB 07fe61fc     intro.obj
 0019:000001fd       ?is_signed@?$numeric_limits@_N@std@@2_NB 07fe61fd     intro.obj
 0019:00000200       ?digits@?$numeric_limits@_N@std@@2HB 07fe6200     intro.obj
 0019:00000204       ?digits10@?$numeric_limits@_N@std@@2HB 07fe6204     intro.obj
 0019:00000208       ?max_digits10@?$numeric_limits@_N@std@@2HB 07fe6208     intro.obj
 0019:0000020c       ?is_signed@?$numeric_limits@C@std@@2_NB 07fe620c     intro.obj
 0019:00000210       ?digits@?$numeric_limits@C@std@@2HB 07fe6210     intro.obj
 0019:00000214       ?digits10@?$numeric_limits@C@std@@2HB 07fe6214     intro.obj
 0019:00000218       ?max_digits10@?$numeric_limits@C@std@@2HB 07fe6218     intro.obj
 0019:0000021c       ?is_signed@?$numeric_limits@E@std@@2_NB 07fe621c     intro.obj
 0019:00000220       ?digits@?$numeric_limits@E@std@@2HB 07fe6220     intro.obj
 0019:00000224       ?digits10@?$numeric_limits@E@std@@2HB 07fe6224     intro.obj
 0019:00000228       ?max_digits10@?$numeric_limits@E@std@@2HB 07fe6228     intro.obj
 0019:0000022c       ?is_signed@?$numeric_limits@F@std@@2_NB 07fe622c     intro.obj
 0019:00000230       ?digits@?$numeric_limits@F@std@@2HB 07fe6230     intro.obj
 0019:00000234       ?digits10@?$numeric_limits@F@std@@2HB 07fe6234     intro.obj
 0019:00000238       ?max_digits10@?$numeric_limits@F@std@@2HB 07fe6238     intro.obj
 0019:0000023c       ?is_signed@?$numeric_limits@G@std@@2_NB 07fe623c     intro.obj
 0019:00000240       ?digits@?$numeric_limits@G@std@@2HB 07fe6240     intro.obj
 0019:00000244       ?digits10@?$numeric_limits@G@std@@2HB 07fe6244     intro.obj
 0019:00000248       ?max_digits10@?$numeric_limits@G@std@@2HB 07fe6248     intro.obj
 0019:0000024c       ?is_signed@?$numeric_limits@H@std@@2_NB 07fe624c     intro.obj
 0019:00000250       ?digits@?$numeric_limits@H@std@@2HB 07fe6250     intro.obj
 0019:00000254       ?digits10@?$numeric_limits@H@std@@2HB 07fe6254     intro.obj
 0019:00000258       ?max_digits10@?$numeric_limits@H@std@@2HB 07fe6258     intro.obj
 0019:0000025c       ?is_signed@?$numeric_limits@I@std@@2_NB 07fe625c     intro.obj
 0019:00000260       ?digits@?$numeric_limits@I@std@@2HB 07fe6260     intro.obj
 0019:00000264       ?digits10@?$numeric_limits@I@std@@2HB 07fe6264     intro.obj
 0019:00000268       ?max_digits10@?$numeric_limits@I@std@@2HB 07fe6268     intro.obj
 0019:0000026c       ?is_signed@?$numeric_limits@J@std@@2_NB 07fe626c     intro.obj
 0019:00000270       ?digits@?$numeric_limits@J@std@@2HB 07fe6270     intro.obj
 0019:00000274       ?digits10@?$numeric_limits@J@std@@2HB 07fe6274     intro.obj
 0019:00000278       ?max_digits10@?$numeric_limits@J@std@@2HB 07fe6278     intro.obj
 0019:0000027c       ?is_signed@?$numeric_limits@K@std@@2_NB 07fe627c     intro.obj
 0019:00000280       ?digits@?$numeric_limits@K@std@@2HB 07fe6280     intro.obj
 0019:00000284       ?digits10@?$numeric_limits@K@std@@2HB 07fe6284     intro.obj
 0019:00000288       ?max_digits10@?$numeric_limits@K@std@@2HB 07fe6288     intro.obj
 0019:0000028c       ?is_signed@?$numeric_limits@_J@std@@2_NB 07fe628c     intro.obj
 0019:00000290       ?digits@?$numeric_limits@_J@std@@2HB 07fe6290     intro.obj
 0019:00000294       ?digits10@?$numeric_limits@_J@std@@2HB 07fe6294     intro.obj
 0019:00000298       ?max_digits10@?$numeric_limits@_J@std@@2HB 07fe6298     intro.obj
 0019:0000029c       ?is_signed@?$numeric_limits@_K@std@@2_NB 07fe629c     intro.obj
 0019:000002a0       ?digits@?$numeric_limits@_K@std@@2HB 07fe62a0     intro.obj
 0019:000002a4       ?digits10@?$numeric_limits@_K@std@@2HB 07fe62a4     intro.obj
 0019:000002a8       ?max_digits10@?$numeric_limits@_K@std@@2HB 07fe62a8     intro.obj
 0019:000002ac       ?digits@?$numeric_limits@M@std@@2HB 07fe62ac     intro.obj
 0019:000002b0       ?digits10@?$numeric_limits@M@std@@2HB 07fe62b0     intro.obj
 0019:000002b4       ?max_digits10@?$numeric_limits@M@std@@2HB 07fe62b4     intro.obj
 0019:000002b8       ?max_exponent@?$numeric_limits@M@std@@2HB 07fe62b8     intro.obj
 0019:000002bc       ?max_exponent10@?$numeric_limits@M@std@@2HB 07fe62bc     intro.obj
 0019:000002c0       ?min_exponent@?$numeric_limits@M@std@@2HB 07fe62c0     intro.obj
 0019:000002c4       ?min_exponent10@?$numeric_limits@M@std@@2HB 07fe62c4     intro.obj
 0019:000002c8       ?digits@?$numeric_limits@N@std@@2HB 07fe62c8     intro.obj
 0019:000002cc       ?digits10@?$numeric_limits@N@std@@2HB 07fe62cc     intro.obj
 0019:000002d0       ?max_digits10@?$numeric_limits@N@std@@2HB 07fe62d0     intro.obj
 0019:000002d4       ?max_exponent@?$numeric_limits@N@std@@2HB 07fe62d4     intro.obj
 0019:000002d8       ?max_exponent10@?$numeric_limits@N@std@@2HB 07fe62d8     intro.obj
 0019:000002dc       ?min_exponent@?$numeric_limits@N@std@@2HB 07fe62dc     intro.obj
 0019:000002e0       ?min_exponent10@?$numeric_limits@N@std@@2HB 07fe62e0     intro.obj
 0019:000002e4       ?digits@?$numeric_limits@O@std@@2HB 07fe62e4     intro.obj
 0019:000002e8       ?digits10@?$numeric_limits@O@std@@2HB 07fe62e8     intro.obj
 0019:000002ec       ?max_digits10@?$numeric_limits@O@std@@2HB 07fe62ec     intro.obj
 0019:000002f0       ?max_exponent@?$numeric_limits@O@std@@2HB 07fe62f0     intro.obj
 0019:000002f4       ?max_exponent10@?$numeric_limits@O@std@@2HB 07fe62f4     intro.obj
 0019:000002f8       ?min_exponent@?$numeric_limits@O@std@@2HB 07fe62f8     intro.obj
 0019:000002fc       ?min_exponent10@?$numeric_limits@O@std@@2HB 07fe62fc     intro.obj
 0019:00000300       __real@3f800000            07fe6300     intro.obj
 0019:00000304       __real@00000000            07fe6304     intro.obj
 0019:00000308       __real@3ff0000000000000    07fe6308     intro.obj
 0019:00000310       __real@0000000000000000    07fe6310     intro.obj
 0019:00000318       __real@3fd0000000000000    07fe6318     intro.obj
 0019:00000320       __real@bf800000            07fe6320     intro.obj
 0019:00000328       ??_C@_0BKN@EHHLGND@?$CDversion?5330?6in?5vec2?5vertexuv?$DL?6l@ 07fe6328     intro.obj
 0019:000004d8       ??_C@_0NI@DKNLLCLE@?$CDversion?5330?6uniform?5mat4?5ViewPr@ 07fe64d8     intro.obj
 0019:000005b0       ??_C@_0KM@JACCPOEM@?$CDversion?5330?6layout?$CIlocation?5?$DN?50@ 07fe65b0     intro.obj
 0019:00000660       ??_C@_0NJ@IDGAPFDP@?$CDversion?5330?6in?5vec2?5vertexuv?$DLun@ 07fe6660     intro.obj
 0019:00000740       ??_C@_0GNI@JEMNCCCA@?$CDversion?5330?6in?5vec2?5vertexuv?$DLun@ 07fe6740     intro.obj
 0019:00000e18       __real@44a00000            07fe6e18     intro.obj
 0019:00000e1c       __real@44340000            07fe6e1c     intro.obj
 0019:00000e20       ??_C@_0L@CAGNKJED@resolution?$AA@ 07fe6e20     intro.obj
 0019:00000e2c       ??_C@_09PLMBBMBC@snarehit2?$AA@ 07fe6e2c     intro.obj
 0019:00000e38       ??_C@_08NNIHCGNP@snarehit?$AA@ 07fe6e38     intro.obj
 0019:00000e44       ??_C@_04CLCEDBPF@time?$AA@ 07fe6e44     intro.obj
 0019:00000e4c       ??_C@_03JDBMONBN@tex?$AA@  07fe6e4c     intro.obj
 0019:00000e50       ??_C@_0BB@GMHOEICK@myTextureSampler?$AA@ 07fe6e50     intro.obj
 0019:00000e68       ??_C@_0CLJ@KEHIPMHJ@?$CDversion?5330?6in?5vec2?5vertexuv?$DL?6l@ 07fe6e68     intro.obj
 0019:00001128       ??_C@_0LH@CGMIKFIO@?$CDversion?5330?6layout?$CIlocation?5?$DN?50@ 07fe7128     intro.obj
 0019:000011e0       __real@3f91df46aaaaaaab    07fe71e0     intro.obj
 0019:000011e8       ??_C@_1CG@KOFHLCJL@?$AAi?$AA?5?$AA?$DM?$AA?5?$AAt?$AAh?$AAi?$AAs?$AA?9?$AA?$DO?$AAl?$AAe?$AAn?$AAg?$AAt?$AAh?$AA?$CI?$AA?$CJ?$AA?$AA@ 07fe71e8     intro.obj
 0019:00001210       ??_C@_1GO@JELFBPKP@?$AAc?$AA?3?$AA?2?$AAc?$AAo?$AAd?$AAe?$AAc?$AAr?$AAa?$AAc?$AAk?$AA?2?$AAs?$AAr?$AAc?$AA?2?$AAf?$AAb?$AA2?$AA0?$AA1?$AA4?$AA_?$AA6?$AA4?$AAk?$AA?2?$AAs?$AAr?$AAc?$AA?2@ 07fe7210     intro.obj
 0019:00001280       ??_C@_1GO@OACNPGCA@?$AAc?$AA?3?$AA?2?$AAc?$AAo?$AAd?$AAe?$AAc?$AAr?$AAa?$AAc?$AAk?$AA?2?$AAs?$AAr?$AAc?$AA?2?$AAf?$AAb?$AA2?$AA0?$AA1?$AA4?$AA_?$AA6?$AA4?$AAk?$AA?2?$AAs?$AAr?$AAc?$AA?2@ 07fe7280     intro.obj
 0019:000012f0       ??_C@_1HC@NBLOJAHD@?$AAc?$AA?3?$AA?2?$AAc?$AAo?$AAd?$AAe?$AAc?$AAr?$AAa?$AAc?$AAk?$AA?2?$AAs?$AAr?$AAc?$AA?2?$AAf?$AAb?$AA2?$AA0?$AA1?$AA4?$AA_?$AA6?$AA4?$AAk?$AA?2?$AAs?$AAr?$AAc?$AA?2@ 07fe72f0     intro.obj
 0019:00001368       __real@4000000000000000    07fe7368     intro.obj
 0019:00001370       __real@3fe0000000000000    07fe7370     intro.obj
 0019:00001378       __real@406fe00000000000    07fe7378     intro.obj
 0019:00001380       __real@bfc90fdb            07fe7380     intro.obj
 0019:00001388       __real@400921fb60000000    07fe7388     intro.obj
 0019:00001390       __real@401921fb60000000    07fe7390     intro.obj
 0019:00001398       __real@c0490fdb            07fe7398     intro.obj
 0019:0000139c       __real@42200000            07fe739c     intro.obj
 0019:000013a0       __real@41400000            07fe73a0     intro.obj
 0019:000013a8       ??_C@_0BAA@DNDLPKJI@?$CDversion?5330?6in?5vec4?5fcolor?$DL?6in?5@ 07fe73a8     intro.obj
 0019:000014a8       ??_C@_0BMP@LPPOLCJG@?$CDversion?5330?6uniform?5mat4?5MVP?$DL?6u@ 07fe74a8     intro.obj
 0019:00001678       __real@3fe70a3d70a3d70a    07fe7678     intro.obj
 0019:00001680       __real@3fe5c28f5c28f5c3    07fe7680     intro.obj
 0019:00001688       __real@3fd3d70a3d70a3d7    07fe7688     intro.obj
 0019:00001690       __real@3fd3333333333333    07fe7690     intro.obj
 0019:00001698       __real@3faacee9f37bebd5    07fe7698     intro.obj
 0019:000016a0       __real@401c000000000000    07fe76a0     intro.obj
 0019:000016a8       __real@4098380000000000    07fe76a8     intro.obj
 0019:000016b0       __real@4084f00000000000    07fe76b0     intro.obj
 0019:000016b8       __real@408f400000000000    07fe76b8     intro.obj
 0019:000016c0       __real@4014000000000000    07fe76c0     intro.obj
 0019:000016c8       ??_C@_0BA@JOPILLJL@modelviewMatrix?$AA@ 07fe76c8     intro.obj
 0019:000016d8       __real@4056800000000000    07fe76d8     intro.obj
 0019:000016e0       __real@c0400000            07fe76e0     intro.obj
 0019:000016e4       __real@42340000            07fe76e4     intro.obj
 0019:000016e8       __real@3fe38e39            07fe76e8     intro.obj
 0019:000016ec       __real@3dcccccd            07fe76ec     intro.obj
 0019:000016f0       __real@42c80000            07fe76f0     intro.obj
 0019:000016f4       ??_C@_03GFEPKPFF@MVP?$AA@  07fe76f4     intro.obj
 0019:000016f8       ??_C@_05FAFFBDKK@choir?$AA@ 07fe76f8     intro.obj
 0019:00001700       ??_C@_0P@IFOONAE@ViewProjection?$AA@ 07fe7700     intro.obj
 0019:00001710       ??_C@_0M@GJKCJODK@sshape_blue?$AA@ 07fe7710     intro.obj
 0019:0000171c       ??_C@_0N@OCBPNCMK@sshape_green?$AA@ 07fe771c     intro.obj
 0019:0000172c       ??_C@_0L@JFJFBOEE@sshape_red?$AA@ 07fe772c     intro.obj
 0019:00001738       ??_C@_09JJFGMDEP@sshape_n3?$AA@ 07fe7738     intro.obj
 0019:00001744       ??_C@_09IAENPCAO@sshape_n2?$AA@ 07fe7744     intro.obj
 0019:00001750       ??_C@_09KLGAKBMN@sshape_n1?$AA@ 07fe7750     intro.obj
 0019:0000175c       ??_C@_08MLGPMHNG@sshape_m?$AA@ 07fe775c     intro.obj
 0019:00001768       ??_C@_08EMPHNLBJ@sshape_b?$AA@ 07fe7768     intro.obj
 0019:00001774       ??_C@_08GHNKIINK@sshape_a?$AA@ 07fe7774     intro.obj
 0019:00001780       ??_C@_04JNABKDKF@sync?$AA@ 07fe7780     intro.obj
 0019:00001788       __real@405c800000000000    07fe7788     intro.obj
 0019:00001790       ??_C@_06KBLCMJEL@?4track?$AA@ 07fe7790     device.obj
 0019:00001798       ??_C@_01IDAFKMJL@_?$AA@    07fe7798     device.obj
 0019:0000179c       ??_C@_02JDPG@rb?$AA@       07fe779c     device.obj
 0019:000017a0       __real@4008000000000000    07fe77a0     track.obj
 0019:000017a8       ??_C@_0N@DOKAJOHF@opengl32?4dll?$AA@ 07fe77a8     gl3w.obj
 0019:000017b8       ??_C@_0CB@NNPCIIJ@glTextureStorage3DMultisampleEXT@ 07fe77b8     gl3w.obj
 0019:000017dc       ??_C@_0CB@IKHJODMK@glTextureStorage2DMultisampleEXT@ 07fe77dc     gl3w.obj
 0019:00001800       ??_C@_0BK@GOJPECNJ@glTexStorage3DMultisample?$AA@ 07fe7800     gl3w.obj
 0019:0000181c       ??_C@_0BK@PDJAKDKP@glTexStorage2DMultisample?$AA@ 07fe781c     gl3w.obj
 0019:00001838       ??_C@_0BI@HEDPMLB@glTextureBufferRangeEXT?$AA@ 07fe7838     gl3w.obj
 0019:00001850       ??_C@_0BB@DPMGLFNI@glTexBufferRange?$AA@ 07fe7850     gl3w.obj
 0019:00001864       ??_C@_0BM@GDDCNIBO@glShaderStorageBlockBinding?$AA@ 07fe7864     gl3w.obj
 0019:00001880       ??_C@_0CC@GHECGAIH@glGetProgramResourceLocationInde@ 07fe7880     gl3w.obj
 0019:000018a4       ??_C@_0BN@BIJNENLC@glGetProgramResourceLocation?$AA@ 07fe78a4     gl3w.obj
 0019:000018c4       ??_C@_0BH@LEDFEPHI@glGetProgramResourceiv?$AA@ 07fe78c4     gl3w.obj
 0019:000018dc       ??_C@_0BJ@OHCPEAGJ@glGetProgramResourceName?$AA@ 07fe78dc     gl3w.obj
 0019:000018f8       ??_C@_0BK@DBDCONKB@glGetProgramResourceIndex?$AA@ 07fe78f8     gl3w.obj
 0019:00001914       ??_C@_0BI@ICGPDPK@glGetProgramInterfaceiv?$AA@ 07fe7914     gl3w.obj
 0019:0000192c       ??_C@_0BM@KHEEFMKO@glMultiDrawElementsIndirect?$AA@ 07fe792c     gl3w.obj
 0019:00001948       ??_C@_0BK@IKGAIKOP@glMultiDrawArraysIndirect?$AA@ 07fe7948     gl3w.obj
 0019:00001964       ??_C@_0BL@IHGLAPPE@glInvalidateSubFramebuffer?$AA@ 07fe7964     gl3w.obj
 0019:00001980       ??_C@_0BI@OAJPOHIP@glInvalidateFramebuffer?$AA@ 07fe7980     gl3w.obj
 0019:00001998       ??_C@_0BH@OGIFIBHA@glInvalidateBufferData?$AA@ 07fe7998     gl3w.obj
 0019:000019b0       ??_C@_0BK@HOHOHNAC@glInvalidateBufferSubData?$AA@ 07fe79b0     gl3w.obj
 0019:000019cc       ??_C@_0BF@KHIECPKG@glInvalidateTexImage?$AA@ 07fe79cc     gl3w.obj
 0019:000019e4       ??_C@_0BI@FJDKFLGL@glInvalidateTexSubImage?$AA@ 07fe79e4     gl3w.obj
 0019:000019fc       ??_C@_0BI@PHNNEGBD@glGetInternalformati64v?$AA@ 07fe79fc     gl3w.obj
 0019:00001a14       ??_C@_0CE@EMNKOBNO@glGetNamedFramebufferParameteriv@ 07fe7a14     gl3w.obj
 0019:00001a38       ??_C@_0CA@KNLMGFIL@glNamedFramebufferParameteriEXT?$AA@ 07fe7a38     gl3w.obj
 0019:00001a58       ??_C@_0BM@BFEEFCMK@glGetFramebufferParameteriv?$AA@ 07fe7a58     gl3w.obj
 0019:00001a74       ??_C@_0BI@MLACHGDK@glFramebufferParameteri?$AA@ 07fe7a74     gl3w.obj
 0019:00001a8c       ??_C@_0CF@LAAOPNKA@glVertexArrayVertexBindingDiviso@ 07fe7a8c     gl3w.obj
 0019:00001ab4       ??_C@_0CE@PLJLPNAP@glVertexArrayVertexAttribBinding@ 07fe7ab4     gl3w.obj
 0019:00001ad8       ??_C@_0CE@JIENNJCP@glVertexArrayVertexAttribLFormat@ 07fe7ad8     gl3w.obj
 0019:00001afc       ??_C@_0CE@OJBKHFGN@glVertexArrayVertexAttribIFormat@ 07fe7afc     gl3w.obj
 0019:00001b20       ??_C@_0CD@JDLJFCCB@glVertexArrayVertexAttribFormatE@ 07fe7b20     gl3w.obj
 0019:00001b44       ??_C@_0CB@BDCLHICB@glVertexArrayBindVertexBufferEXT@ 07fe7b44     gl3w.obj
 0019:00001b68       ??_C@_0BH@GNGCLGOI@glVertexBindingDivisor?$AA@ 07fe7b68     gl3w.obj
 0019:00001b80       ??_C@_0BG@MLFHCGE@glVertexAttribBinding?$AA@ 07fe7b80     gl3w.obj
 0019:00001b98       ??_C@_0BG@OBOHAJFM@glVertexAttribLFormat?$AA@ 07fe7b98     gl3w.obj
 0019:00001bb0       ??_C@_0BG@KJAHAHDI@glVertexAttribIFormat?$AA@ 07fe7bb0     gl3w.obj
 0019:00001bc8       ??_C@_0BF@JEIPPBFE@glVertexAttribFormat?$AA@ 07fe7bc8     gl3w.obj
 0019:00001be0       ??_C@_0BD@FCGJAOHG@glBindVertexBuffer?$AA@ 07fe7be0     gl3w.obj
 0019:00001bf4       ??_C@_0O@BNFDGIMP@glTextureView?$AA@ 07fe7bf4     gl3w.obj
 0019:00001c04       ??_C@_0BD@BNCHOBBL@glCopyImageSubData?$AA@ 07fe7c04     gl3w.obj
 0019:00001c18       ??_C@_0BK@EJMOGMMI@glDispatchComputeIndirect?$AA@ 07fe7c18     gl3w.obj
 0019:00001c34       ??_C@_0BC@DKKFFIGC@glDispatchCompute?$AA@ 07fe7c34     gl3w.obj
 0019:00001c48       ??_C@_0BN@CNJAFGHD@glClearNamedBufferSubDataEXT?$AA@ 07fe7c48     gl3w.obj
 0019:00001c68       ??_C@_0BK@JIPEFNFB@glClearNamedBufferDataEXT?$AA@ 07fe7c68     gl3w.obj
 0019:00001c84       ??_C@_0BF@FDHIBCMD@glClearBufferSubData?$AA@ 07fe7c84     gl3w.obj
 0019:00001c9c       ??_C@_0BC@FCMBBKMP@glClearBufferData?$AA@ 07fe7c9c     gl3w.obj
 0019:00001cb0       ??_C@_0BE@MIJFJOHM@glGetObjectPtrLabel?$AA@ 07fe7cb0     gl3w.obj
 0019:00001cc4       ??_C@_0BB@FBABGDIL@glObjectPtrLabel?$AA@ 07fe7cc4     gl3w.obj
 0019:00001cd8       ??_C@_0BB@MOEDHKDB@glGetObjectLabel?$AA@ 07fe7cd8     gl3w.obj
 0019:00001cec       ??_C@_0O@EFJDECDM@glObjectLabel?$AA@ 07fe7cec     gl3w.obj
 0019:00001cfc       ??_C@_0BA@PMJBDENK@glPopDebugGroup?$AA@ 07fe7cfc     gl3w.obj
 0019:00001d0c       ??_C@_0BB@DEFFBEGJ@glPushDebugGroup?$AA@ 07fe7d0c     gl3w.obj
 0019:00001d20       ??_C@_0BF@FGBMJKND@glGetDebugMessageLog?$AA@ 07fe7d20     gl3w.obj
 0019:00001d38       ??_C@_0BH@IGFENJCI@glDebugMessageCallback?$AA@ 07fe7d38     gl3w.obj
 0019:00001d50       ??_C@_0BF@DGOJNFDO@glDebugMessageInsert?$AA@ 07fe7d50     gl3w.obj
 0019:00001d68       ??_C@_0BG@MNBDCEEP@glDebugMessageControl?$AA@ 07fe7d68     gl3w.obj
 0019:00001d80       ??_C@_0BG@PFDMCJGI@glTextureStorage3DEXT?$AA@ 07fe7d80     gl3w.obj
 0019:00001d98       ??_C@_0BG@DOGAPKMN@glTextureStorage2DEXT?$AA@ 07fe7d98     gl3w.obj
 0019:00001db0       ??_C@_0BG@LIPEIIGD@glTextureStorage1DEXT?$AA@ 07fe7db0     gl3w.obj
 0019:00001dc8       ??_C@_0P@LBDCCAHA@glTexStorage3D?$AA@ 07fe7dc8     gl3w.obj
 0019:00001dd8       ??_C@_0P@LAPAEKEH@glTexStorage2D?$AA@ 07fe7dd8     gl3w.obj
 0019:00001de8       ??_C@_0P@LCLGPEBO@glTexStorage1D?$AA@ 07fe7de8     gl3w.obj
 0019:00001df8       ??_C@_0BA@HIHPNLBJ@glMemoryBarrier?$AA@ 07fe7df8     gl3w.obj
 0019:00001e08       ??_C@_0BD@GAKEPNGD@glBindImageTexture?$AA@ 07fe7e08     gl3w.obj
 0019:00001e1c       ??_C@_0CB@CEHFMJFN@glGetActiveAtomicCounterBufferiv@ 07fe7e1c     gl3w.obj
 0019:00001e40       ??_C@_0BG@BAOCDJPF@glGetInternalformativ?$AA@ 07fe7e40     gl3w.obj
 0019:00001e58       ??_C@_0CH@OMPFKBLK@glDrawTransformFeedbackStreamIns@ 07fe7e58     gl3w.obj
 0019:00001e80       ??_C@_0CB@NDMLCEF@glDrawTransformFeedbackInstanced@ 07fe7e80     gl3w.obj
 0019:00001ea4       ??_C@_0CO@GCMNEAOA@glDrawElementsInstancedBaseVerte@ 07fe7ea4     gl3w.obj
 0019:00001ed4       ??_C@_0CE@NGNINKJD@glDrawElementsInstancedBaseInsta@ 07fe7ed4     gl3w.obj
 0019:00001ef8       ??_C@_0CC@FBJBJHCN@glDrawArraysInstancedBaseInstanc@ 07fe7ef8     gl3w.obj
 0019:00001f1c       ??_C@_0BD@MEJNBIJE@glGetnUniformdvARB?$AA@ 07fe7f1c     gl3w.obj
 0019:00001f30       ??_C@_0BE@ELELPPGB@glGetnUniformuivARB?$AA@ 07fe7f30     gl3w.obj
 0019:00001f44       ??_C@_0BD@HIADALEK@glGetnUniformivARB?$AA@ 07fe7f44     gl3w.obj
 0019:00001f58       ??_C@_0BD@IJFFLJJP@glGetnUniformfvARB?$AA@ 07fe7f58     gl3w.obj
 0019:00001f6c       ??_C@_0BM@IEIHGHHI@glGetnCompressedTexImageARB?$AA@ 07fe7f6c     gl3w.obj
 0019:00001f88       ??_C@_0BB@IPICMDNC@glReadnPixelsARB?$AA@ 07fe7f88     gl3w.obj
 0019:00001f9c       ??_C@_0BC@PIJGCEFC@glGetnTexImageARB?$AA@ 07fe7f9c     gl3w.obj
 0019:00001fb0       ??_C@_0BM@HDJJPNDL@glGetGraphicsResetStatusARB?$AA@ 07fe7fb0     gl3w.obj
 0019:00001fcc       ??_C@_0BI@JOLPFNOB@glGetDebugMessageLogARB?$AA@ 07fe7fcc     gl3w.obj
 0019:00001fe4       ??_C@_0BK@IEHNBEGE@glDebugMessageCallbackARB?$AA@ 07fe7fe4     gl3w.obj
 0019:00002000       ??_C@_0BI@IFLDELCL@glDebugMessageInsertARB?$AA@ 07fe8000     gl3w.obj
 0019:00002018       ??_C@_0BJ@IAEPICEJ@glDebugMessageControlARB?$AA@ 07fe8018     gl3w.obj
 0019:00002034       ??_C@_0BL@FGCKKDPG@glCreateSyncFromCLeventARB?$AA@ 07fe8034     gl3w.obj
 0019:00002050       ??_C@_0P@PDJCBGIA@glGetDoublei_v?$AA@ 07fe8050     gl3w.obj
 0019:00002060       ??_C@_0O@JKEOHGC@glGetFloati_v?$AA@ 07fe8060     gl3w.obj
 0019:00002070       ??_C@_0BE@FMCFIJBP@glDepthRangeIndexed?$AA@ 07fe8070     gl3w.obj
 0019:00002084       ??_C@_0BD@JLCIOMKN@glDepthRangeArrayv?$AA@ 07fe8084     gl3w.obj
 0019:00002098       ??_C@_0BC@OOKOHKNA@glScissorIndexedv?$AA@ 07fe8098     gl3w.obj
 0019:000020ac       ??_C@_0BB@BJHNCIAL@glScissorIndexed?$AA@ 07fe80ac     gl3w.obj
 0019:000020c0       ??_C@_0BA@BMNFINIA@glScissorArrayv?$AA@ 07fe80c0     gl3w.obj
 0019:000020d0       ??_C@_0BE@OKPEDJOC@glViewportIndexedfv?$AA@ 07fe80d0     gl3w.obj
 0019:000020e4       ??_C@_0BD@JIBIAPIN@glViewportIndexedf?$AA@ 07fe80e4     gl3w.obj
 0019:000020f8       ??_C@_0BB@JIDIDPIB@glViewportArrayv?$AA@ 07fe80f8     gl3w.obj
 0019:0000210c       ??_C@_0BF@JADLCNLO@glGetVertexAttribLdv?$AA@ 07fe810c     gl3w.obj
 0019:00002124       ??_C@_0BH@JBHDDPGM@glVertexAttribLPointer?$AA@ 07fe8124     gl3w.obj
 0019:0000213c       ??_C@_0BD@BJHCGDCF@glVertexAttribL4dv?$AA@ 07fe813c     gl3w.obj
 0019:00002150       ??_C@_0BD@IEKFFLJM@glVertexAttribL3dv?$AA@ 07fe8150     gl3w.obj
 0019:00002164       ??_C@_0BD@DMBJDMPJ@glVertexAttribL2dv?$AA@ 07fe8164     gl3w.obj
 0019:00002178       ??_C@_0BD@COKMJDBH@glVertexAttribL1dv?$AA@ 07fe8178     gl3w.obj
 0019:0000218c       ??_C@_0BC@KHDDIAJP@glVertexAttribL4d?$AA@ 07fe818c     gl3w.obj
 0019:000021a0       ??_C@_0BC@KCHMJGBK@glVertexAttribL3d?$AA@ 07fe81a0     gl3w.obj
 0019:000021b4       ??_C@_0BC@KDLOPMCN@glVertexAttribL2d?$AA@ 07fe81b4     gl3w.obj
 0019:000021c8       ??_C@_0BC@KBPIECHE@glVertexAttribL1d?$AA@ 07fe81c8     gl3w.obj
 0019:000021dc       ??_C@_0BM@BFFCFFFG@glGetProgramPipelineInfoLog?$AA@ 07fe81dc     gl3w.obj
 0019:000021f8       ??_C@_0BK@HHHCKEGH@glValidateProgramPipeline?$AA@ 07fe81f8     gl3w.obj
 0019:00002214       ??_C@_0BM@OEIPHGOA@glProgramUniformMatrix4x3dv?$AA@ 07fe8214     gl3w.obj
 0019:00002230       ??_C@_0BM@GEFNHOOB@glProgramUniformMatrix3x4dv?$AA@ 07fe8230     gl3w.obj
 0019:0000224c       ??_C@_0BM@FMDDBBIF@glProgramUniformMatrix4x2dv?$AA@ 07fe824c     gl3w.obj
 0019:00002268       ??_C@_0BM@KPABKNEE@glProgramUniformMatrix2x4dv?$AA@ 07fe8268     gl3w.obj
 0019:00002284       ??_C@_0BM@EBDGCBDN@glProgramUniformMatrix3x2dv?$AA@ 07fe8284     gl3w.obj
 0019:000022a0       ??_C@_0BM@DCNGJFPN@glProgramUniformMatrix2x3dv?$AA@ 07fe82a0     gl3w.obj
 0019:000022bc       ??_C@_0BM@OHALKCIO@glProgramUniformMatrix4x3fv?$AA@ 07fe82bc     gl3w.obj
 0019:000022d8       ??_C@_0BM@GHNJKKIP@glProgramUniformMatrix3x4fv?$AA@ 07fe82d8     gl3w.obj
 0019:000022f4       ??_C@_0BM@FPLHMFOL@glProgramUniformMatrix4x2fv?$AA@ 07fe82f4     gl3w.obj
 0019:00002310       ??_C@_0BM@KMIFHJCK@glProgramUniformMatrix2x4fv?$AA@ 07fe8310     gl3w.obj
 0019:0000232c       ??_C@_0BM@ECLCPFFD@glProgramUniformMatrix3x2fv?$AA@ 07fe832c     gl3w.obj
 0019:00002348       ??_C@_0BM@DBFCEBJD@glProgramUniformMatrix2x3fv?$AA@ 07fe8348     gl3w.obj
 0019:00002364       ??_C@_0BK@NFBAAFLH@glProgramUniformMatrix4dv?$AA@ 07fe8364     gl3w.obj
 0019:00002380       ??_C@_0BK@EIMHDNAO@glProgramUniformMatrix3dv?$AA@ 07fe8380     gl3w.obj
 0019:0000239c       ??_C@_0BK@PAHLFKGL@glProgramUniformMatrix2dv?$AA@ 07fe839c     gl3w.obj
 0019:000023b8       ??_C@_0BK@NGJENBNJ@glProgramUniformMatrix4fv?$AA@ 07fe83b8     gl3w.obj
 0019:000023d4       ??_C@_0BK@ELEDOJGA@glProgramUniformMatrix3fv?$AA@ 07fe83d4     gl3w.obj
 0019:000023f0       ??_C@_0BK@PDPPIOAF@glProgramUniformMatrix2fv?$AA@ 07fe83f0     gl3w.obj
 0019:0000240c       ??_C@_0BF@JHNNHGB@glProgramUniform4uiv?$AA@ 07fe840c     gl3w.obj
 0019:00002424       ??_C@_0BE@HCPNJOAF@glProgramUniform4ui?$AA@ 07fe8424     gl3w.obj
 0019:00002438       ??_C@_0BE@KCEDFJNM@glProgramUniform4dv?$AA@ 07fe8438     gl3w.obj
 0019:0000244c       ??_C@_0BD@JNEOHKCK@glProgramUniform4d?$AA@ 07fe844c     gl3w.obj
 0019:00002460       ??_C@_0BE@KBMHINLC@glProgramUniform4fv?$AA@ 07fe8460     gl3w.obj
 0019:00002474       ??_C@_0BD@KPHIBIKI@glProgramUniform4f?$AA@ 07fe8474     gl3w.obj
 0019:00002488       ??_C@_0BE@KKJLMKIP@glProgramUniform4iv?$AA@ 07fe8488     gl3w.obj
 0019:0000249c       ??_C@_0BD@CIOAAEGH@glProgramUniform4i?$AA@ 07fe849c     gl3w.obj
 0019:000024b0       ??_C@_0BF@LLFNALHB@glProgramUniform3uiv?$AA@ 07fe84b0     gl3w.obj
 0019:000024c8       ??_C@_0BE@OPCKKGLM@glProgramUniform3ui?$AA@ 07fe84c8     gl3w.obj
 0019:000024dc       ??_C@_0BE@DPJEGBGF@glProgramUniform3dv?$AA@ 07fe84dc     gl3w.obj
 0019:000024f0       ??_C@_0BD@JIABGMKP@glProgramUniform3d?$AA@ 07fe84f0     gl3w.obj
 0019:00002504       ??_C@_0BE@DMBALFAL@glProgramUniform3fv?$AA@ 07fe8504     gl3w.obj
 0019:00002518       ??_C@_0BD@KKDHAOCN@glProgramUniform3f?$AA@ 07fe8518     gl3w.obj
 0019:0000252c       ??_C@_0BE@DHEMPCDG@glProgramUniform3iv?$AA@ 07fe852c     gl3w.obj
 0019:00002540       ??_C@_0BD@CNKPBCOC@glProgramUniform3i?$AA@ 07fe8540     gl3w.obj
 0019:00002554       ??_C@_0BF@IGDNCCMB@glProgramUniform2uiv?$AA@ 07fe8554     gl3w.obj
 0019:0000256c       ??_C@_0BE@FHJGMBNJ@glProgramUniform2ui?$AA@ 07fe856c     gl3w.obj
 0019:00002580       ??_C@_0BE@IHCIAGAA@glProgramUniform2dv?$AA@ 07fe8580     gl3w.obj
 0019:00002594       ??_C@_0BD@JJMDAGJI@glProgramUniform2d?$AA@ 07fe8594     gl3w.obj
 0019:000025a8       ??_C@_0BE@IEKMNCGO@glProgramUniform2fv?$AA@ 07fe85a8     gl3w.obj
 0019:000025bc       ??_C@_0BD@KLPFGEBK@glProgramUniform2f?$AA@ 07fe85bc     gl3w.obj
 0019:000025d0       ??_C@_0BE@IPPAJFFD@glProgramUniform2iv?$AA@ 07fe85d0     gl3w.obj
 0019:000025e4       ??_C@_0BD@CMGNHINF@glProgramUniform2i?$AA@ 07fe85e4     gl3w.obj
 0019:000025f8       ??_C@_0BF@MBJNFIBB@glProgramUniform1uiv?$AA@ 07fe85f8     gl3w.obj
 0019:00002610       ??_C@_0BE@EFCDGODH@glProgramUniform1ui?$AA@ 07fe8610     gl3w.obj
 0019:00002624       ??_C@_0BE@JFJNKJOO@glProgramUniform1dv?$AA@ 07fe8624     gl3w.obj
 0019:00002638       ??_C@_0BD@JLIFLIMB@glProgramUniform1d?$AA@ 07fe8638     gl3w.obj
 0019:0000264c       ??_C@_0BE@JGBJHNIA@glProgramUniform1fv?$AA@ 07fe864c     gl3w.obj
 0019:00002660       ??_C@_0BD@KJLDNKED@glProgramUniform1f?$AA@ 07fe8660     gl3w.obj
 0019:00002674       ??_C@_0BE@JNEFDKLN@glProgramUniform1iv?$AA@ 07fe8674     gl3w.obj
 0019:00002688       ??_C@_0BD@COCLMGIM@glProgramUniform1i?$AA@ 07fe8688     gl3w.obj
 0019:0000269c       ??_C@_0BH@DNOPNJMO@glGetProgramPipelineiv?$AA@ 07fe869c     gl3w.obj
 0019:000026b4       ??_C@_0BE@DLHPDHCH@glIsProgramPipeline?$AA@ 07fe86b4     gl3w.obj
 0019:000026c8       ??_C@_0BG@CCBKOCA@glGenProgramPipelines?$AA@ 07fe86c8     gl3w.obj
 0019:000026e0       ??_C@_0BJ@CHBGABHE@glDeleteProgramPipelines?$AA@ 07fe86e0     gl3w.obj
 0019:000026fc       ??_C@_0BG@GLPOKNCG@glBindProgramPipeline?$AA@ 07fe86fc     gl3w.obj
 0019:00002714       ??_C@_0BH@BOJGDFJN@glCreateShaderProgramv?$AA@ 07fe8714     gl3w.obj
 0019:0000272c       ??_C@_0BG@IAIOGMEB@glActiveShaderProgram?$AA@ 07fe872c     gl3w.obj
 0019:00002744       ??_C@_0BD@CADKHDMH@glUseProgramStages?$AA@ 07fe8744     gl3w.obj
 0019:00002758       ??_C@_0BE@EELDBEME@glProgramParameteri?$AA@ 07fe8758     gl3w.obj
 0019:0000276c       ??_C@_0BA@MIIDHOO@glProgramBinary?$AA@ 07fe876c     gl3w.obj
 0019:0000277c       ??_C@_0BD@JBCEHKON@glGetProgramBinary?$AA@ 07fe877c     gl3w.obj
 0019:00002790       ??_C@_0O@FMBMCDIL@glClearDepthf?$AA@ 07fe8790     gl3w.obj
 0019:000027a0       ??_C@_0O@JDFJDNND@glDepthRangef?$AA@ 07fe87a0     gl3w.obj
 0019:000027b0       ??_C@_0BL@MLAOOHPD@glGetShaderPrecisionFormat?$AA@ 07fe87b0     gl3w.obj
 0019:000027cc       ??_C@_0P@IMINELFB@glShaderBinary?$AA@ 07fe87cc     gl3w.obj
 0019:000027dc       ??_C@_0BI@HGKABJPJ@glReleaseShaderCompiler?$AA@ 07fe87dc     gl3w.obj
 0019:000027f4       ??_C@_0BE@CCFJPMFI@glGetQueryIndexediv?$AA@ 07fe87f4     gl3w.obj
 0019:00002808       ??_C@_0BC@DPMHMNME@glEndQueryIndexed?$AA@ 07fe8808     gl3w.obj
 0019:0000281c       ??_C@_0BE@BDKPJDEE@glBeginQueryIndexed?$AA@ 07fe881c     gl3w.obj
 0019:00002830       ??_C@_0BO@IGLFNCDG@glDrawTransformFeedbackStream?$AA@ 07fe8830     gl3w.obj
 0019:00002850       ??_C@_0BI@LEOILCPN@glDrawTransformFeedback?$AA@ 07fe8850     gl3w.obj
 0019:00002868       ??_C@_0BK@JMHONFHF@glResumeTransformFeedback?$AA@ 07fe8868     gl3w.obj
 0019:00002884       ??_C@_0BJ@FFNLKBCB@glPauseTransformFeedback?$AA@ 07fe8884     gl3w.obj
 0019:000028a0       ??_C@_0BG@BGFLKHBM@glIsTransformFeedback?$AA@ 07fe88a0     gl3w.obj
 0019:000028b8       ??_C@_0BI@KANKBGAE@glGenTransformFeedbacks?$AA@ 07fe88b8     gl3w.obj
 0019:000028d0       ??_C@_0BL@DIGEBFBK@glDeleteTransformFeedbacks?$AA@ 07fe88d0     gl3w.obj
 0019:000028ec       ??_C@_0BI@BPJKLMIG@glBindTransformFeedback?$AA@ 07fe88ec     gl3w.obj
 0019:00002904       ??_C@_0BD@LJKINJKN@glPatchParameterfv?$AA@ 07fe8904     gl3w.obj
 0019:00002918       ??_C@_0BC@PAPDGMLA@glPatchParameteri?$AA@ 07fe8918     gl3w.obj
 0019:0000292c       ??_C@_0BE@LOKJCDFH@glGetProgramStageiv?$AA@ 07fe892c     gl3w.obj
 0019:00002940       ??_C@_0BK@BLMOFAGJ@glGetUniformSubroutineuiv?$AA@ 07fe8940     gl3w.obj
 0019:0000295c       ??_C@_0BI@CDPOBBHI@glUniformSubroutinesuiv?$AA@ 07fe895c     gl3w.obj
 0019:00002974       ??_C@_0BK@JPHEACLL@glGetActiveSubroutineName?$AA@ 07fe8974     gl3w.obj
 0019:00002990       ??_C@_0CB@KCFFPCGJ@glGetActiveSubroutineUniformName@ 07fe8990     gl3w.obj
 0019:000029b4       ??_C@_0BP@FAPFAJFP@glGetActiveSubroutineUniformiv?$AA@ 07fe89b4     gl3w.obj
 0019:000029d4       ??_C@_0BF@ONDIGCJG@glGetSubroutineIndex?$AA@ 07fe89d4     gl3w.obj
 0019:000029ec       ??_C@_0BP@IBIPLDOA@glGetSubroutineUniformLocation?$AA@ 07fe89ec     gl3w.obj
 0019:00002a0c       ??_C@_0P@NGEMHI@glGetUniformdv?$AA@ 07fe8a0c     gl3w.obj
 0019:00002a1c       ??_C@_0BF@HGOEPFEJ@glUniformMatrix4x3dv?$AA@ 07fe8a1c     gl3w.obj
 0019:00002a34       ??_C@_0BF@MOFIJCCM@glUniformMatrix4x2dv?$AA@ 07fe8a34     gl3w.obj
 0019:00002a4c       ??_C@_0BF@PGDGPNEI@glUniformMatrix3x4dv?$AA@ 07fe8a4c     gl3w.obj
 0019:00002a64       ??_C@_0BF@NDFNKCJE@glUniformMatrix3x2dv?$AA@ 07fe8a64     gl3w.obj
 0019:00002a7c       ??_C@_0BF@DNGKCOON@glUniformMatrix2x4dv?$AA@ 07fe8a7c     gl3w.obj
 0019:00002a94       ??_C@_0BF@KALNBGFE@glUniformMatrix2x3dv?$AA@ 07fe8a94     gl3w.obj
 0019:00002aac       ??_C@_0BD@LOPGMAMB@glUniformMatrix4dv?$AA@ 07fe8aac     gl3w.obj
 0019:00002ac0       ??_C@_0BD@CDCBPIHI@glUniformMatrix3dv?$AA@ 07fe8ac0     gl3w.obj
 0019:00002ad4       ??_C@_0BD@JLJNJPBN@glUniformMatrix2dv?$AA@ 07fe8ad4     gl3w.obj
 0019:00002ae8       ??_C@_0N@JNJEGONE@glUniform4dv?$AA@ 07fe8ae8     gl3w.obj
 0019:00002af8       ??_C@_0N@EDFGGN@glUniform3dv?$AA@ 07fe8af8     gl3w.obj
 0019:00002b08       ??_C@_0N@LIPPDBAI@glUniform2dv?$AA@ 07fe8b08     gl3w.obj
 0019:00002b18       ??_C@_0N@KKEKJOOG@glUniform1dv?$AA@ 07fe8b18     gl3w.obj
 0019:00002b28       ??_C@_0M@PPHPKPIM@glUniform4d?$AA@ 07fe8b28     gl3w.obj
 0019:00002b34       ??_C@_0M@PKDALJAJ@glUniform3d?$AA@ 07fe8b34     gl3w.obj
 0019:00002b40       ??_C@_0M@PLPCNDDO@glUniform2d?$AA@ 07fe8b40     gl3w.obj
 0019:00002b4c       ??_C@_0M@PJLEGNGH@glUniform1d?$AA@ 07fe8b4c     gl3w.obj
 0019:00002b58       ??_C@_0BH@LJJDOEDH@glDrawElementsIndirect?$AA@ 07fe8b58     gl3w.obj
 0019:00002b70       ??_C@_0BF@BGDCPAEP@glDrawArraysIndirect?$AA@ 07fe8b70     gl3w.obj
 0019:00002b88       ??_C@_0BE@LJLDGOAD@glVertexAttribP4uiv?$AA@ 07fe8b88     gl3w.obj
 0019:00002b9c       ??_C@_0BD@GMNMNOHP@glVertexAttribP4ui?$AA@ 07fe8b9c     gl3w.obj
 0019:00002bb0       ??_C@_0BE@LJDLCBD@glVertexAttribP3uiv?$AA@ 07fe8bb0     gl3w.obj
 0019:00002bc4       ??_C@_0BD@PBALOGMG@glVertexAttribP3ui?$AA@ 07fe8bc4     gl3w.obj
 0019:00002bd8       ??_C@_0BE@DGPDJLKD@glVertexAttribP2uiv?$AA@ 07fe8bd8     gl3w.obj
 0019:00002bec       ??_C@_0BD@EJLHIBKD@glVertexAttribP2ui?$AA@ 07fe8bec     gl3w.obj
 0019:00002c00       ??_C@_0BE@HBFDOBHD@glVertexAttribP1uiv?$AA@ 07fe8c00     gl3w.obj
 0019:00002c14       ??_C@_0BD@FLACCOEN@glVertexAttribP1ui?$AA@ 07fe8c14     gl3w.obj
 0019:00002c28       ??_C@_0BG@DPPPFGBG@glSecondaryColorP3uiv?$AA@ 07fe8c28     gl3w.obj
 0019:00002c40       ??_C@_0BF@PDDGBPKP@glSecondaryColorP3ui?$AA@ 07fe8c40     gl3w.obj
 0019:00002c58       ??_C@_0N@DDNDANIE@glColorP4uiv?$AA@ 07fe8c58     gl3w.obj
 0019:00002c68       ??_C@_0M@GJHGLFGE@glColorP4ui?$AA@ 07fe8c68     gl3w.obj
 0019:00002c74       ??_C@_0N@IBPDNBJE@glColorP3uiv?$AA@ 07fe8c74     gl3w.obj
 0019:00002c84       ??_C@_0M@PEKBINNN@glColorP3ui?$AA@ 07fe8c84     gl3w.obj
 0019:00002c90       ??_C@_0O@MOCJMHFG@glNormalP3uiv?$AA@ 07fe8c90     gl3w.obj
 0019:00002ca0       ??_C@_0N@PBEFBNHO@glNormalP3ui?$AA@ 07fe8ca0     gl3w.obj
 0019:00002cb0       ??_C@_0BF@IONACAHK@glMultiTexCoordP4uiv?$AA@ 07fe8cb0     gl3w.obj
 0019:00002cc8       ??_C@_0BE@NHKJFHJE@glMultiTexCoordP4ui?$AA@ 07fe8cc8     gl3w.obj
 0019:00002cdc       ??_C@_0BF@DMPAPMGK@glMultiTexCoordP3uiv?$AA@ 07fe8cdc     gl3w.obj
 0019:00002cf4       ??_C@_0BE@EKHOGPCN@glMultiTexCoordP3ui?$AA@ 07fe8cf4     gl3w.obj
 0019:00002d08       ??_C@_0BF@BJANFNK@glMultiTexCoordP2uiv?$AA@ 07fe8d08     gl3w.obj
 0019:00002d20       ??_C@_0BE@PCMCAIEI@glMultiTexCoordP2ui?$AA@ 07fe8d20     gl3w.obj
 0019:00002d34       ??_C@_0BF@EGDAKPAK@glMultiTexCoordP1uiv?$AA@ 07fe8d34     gl3w.obj
 0019:00002d4c       ??_C@_0BE@OAHHKHKG@glMultiTexCoordP1ui?$AA@ 07fe8d4c     gl3w.obj
 0019:00002d60       ??_C@_0BA@JILHAPCD@glTexCoordP4uiv?$AA@ 07fe8d60     gl3w.obj
 0019:00002d70       ??_C@_0P@NMEJELEL@glTexCoordP4ui?$AA@ 07fe8d70     gl3w.obj
 0019:00002d80       ??_C@_0BA@CKJHNDDD@glTexCoordP3uiv?$AA@ 07fe8d80     gl3w.obj
 0019:00002d90       ??_C@_0P@EBJOHDPC@glTexCoordP3ui?$AA@ 07fe8d90     gl3w.obj
 0019:00002da0       ??_C@_0BA@BHPHPKID@glTexCoordP2uiv?$AA@ 07fe8da0     gl3w.obj
 0019:00002db0       ??_C@_0P@PJCCBEJH@glTexCoordP2ui?$AA@ 07fe8db0     gl3w.obj
 0019:00002dc0       ??_C@_0BA@FAFHIAFD@glTexCoordP1uiv?$AA@ 07fe8dc0     gl3w.obj
 0019:00002dd0       ??_C@_0P@OLJHLLHJ@glTexCoordP1ui?$AA@ 07fe8dd0     gl3w.obj
 0019:00002de0       ??_C@_0O@IDAKJKMN@glVertexP4uiv?$AA@ 07fe8de0     gl3w.obj
 0019:00002df0       ??_C@_0N@GAHJNOBO@glVertexP4ui?$AA@ 07fe8df0     gl3w.obj
 0019:00002e00       ??_C@_0O@DBCKEGNN@glVertexP3uiv?$AA@ 07fe8e00     gl3w.obj
 0019:00002e10       ??_C@_0N@PNKOOGKH@glVertexP3ui?$AA@ 07fe8e10     gl3w.obj
 0019:00002e20       ??_C@_0O@MEKGPGN@glVertexP2uiv?$AA@ 07fe8e20     gl3w.obj
 0019:00002e30       ??_C@_0N@EFBCIBMC@glVertexP2ui?$AA@ 07fe8e30     gl3w.obj
 0019:00002e40       ??_C@_0BG@NEGGOMJO@glGetQueryObjectui64v?$AA@ 07fe8e40     gl3w.obj
 0019:00002e58       ??_C@_0BF@JDAPDEPE@glGetQueryObjecti64v?$AA@ 07fe8e58     gl3w.obj
 0019:00002e70       ??_C@_0P@KALICDIM@glQueryCounter?$AA@ 07fe8e70     gl3w.obj
 0019:00002e80       ??_C@_0BK@CMBGFHDA@glGetSamplerParameterIuiv?$AA@ 07fe8e80     gl3w.obj
 0019:00002e9c       ??_C@_0BI@FPHMKMKC@glGetSamplerParameterfv?$AA@ 07fe8e9c     gl3w.obj
 0019:00002eb4       ??_C@_0BJ@KOMJDLDN@glGetSamplerParameterIiv?$AA@ 07fe8eb4     gl3w.obj
 0019:00002ed0       ??_C@_0BI@FECAOLJP@glGetSamplerParameteriv?$AA@ 07fe8ed0     gl3w.obj
 0019:00002ee8       ??_C@_0BH@FEMFBPPB@glSamplerParameterIuiv?$AA@ 07fe8ee8     gl3w.obj
 0019:00002f00       ??_C@_0BG@HKEIFIHF@glSamplerParameterIiv?$AA@ 07fe8f00     gl3w.obj
 0019:00002f18       ??_C@_0BF@GFCPAGMB@glSamplerParameterfv?$AA@ 07fe8f18     gl3w.obj
 0019:00002f30       ??_C@_0BE@CGLJNDFB@glSamplerParameterf?$AA@ 07fe8f30     gl3w.obj
 0019:00002f44       ??_C@_0BF@GOHDEBPM@glSamplerParameteriv?$AA@ 07fe8f44     gl3w.obj
 0019:00002f5c       ??_C@_0BE@KBCBMPJO@glSamplerParameteri?$AA@ 07fe8f5c     gl3w.obj
 0019:00002f70       ??_C@_0O@PDEILAPG@glBindSampler?$AA@ 07fe8f70     gl3w.obj
 0019:00002f80       ??_C@_0M@LAJKHOKJ@glIsSampler?$AA@ 07fe8f80     gl3w.obj
 0019:00002f8c       ??_C@_0BB@FLPAOEOO@glDeleteSamplers?$AA@ 07fe8f8c     gl3w.obj
 0019:00002fa0       ??_C@_0O@EMMLGGLG@glGenSamplers?$AA@ 07fe8fa0     gl3w.obj
 0019:00002fb0       ??_C@_0BD@COCJFEOH@glGetFragDataIndex?$AA@ 07fe8fb0     gl3w.obj
 0019:00002fc4       ??_C@_0BO@POJBGCGG@glBindFragDataLocationIndexed?$AA@ 07fe8fc4     gl3w.obj
 0019:00002fe4       ??_C@_0BG@MPGNLJCM@glGetNamedStringivARB?$AA@ 07fe8fe4     gl3w.obj
 0019:00002ffc       ??_C@_0BE@NFONNCFF@glGetNamedStringARB?$AA@ 07fe8ffc     gl3w.obj
 0019:00003010       ??_C@_0BD@ICFECEJF@glIsNamedStringARB?$AA@ 07fe9010     gl3w.obj
 0019:00003024       ??_C@_0BK@EDOCLMLD@glCompileShaderIncludeARB?$AA@ 07fe9024     gl3w.obj
 0019:00003040       ??_C@_0BH@NCMBPFNK@glDeleteNamedStringARB?$AA@ 07fe9040     gl3w.obj
 0019:00003058       ??_C@_0BB@EMHJCPKC@glNamedStringARB?$AA@ 07fe9058     gl3w.obj
 0019:0000306c       ??_C@_0BG@KHPHHIHH@glMinSampleShadingARB?$AA@ 07fe906c     gl3w.obj
 0019:00003084       ??_C@_0BI@EJDLCHDA@glBlendFuncSeparateiARB?$AA@ 07fe9084     gl3w.obj
 0019:0000309c       ??_C@_0BA@IINKCNIC@glBlendFunciARB?$AA@ 07fe909c     gl3w.obj
 0019:000030ac       ??_C@_0BM@DHGCGJJC@glBlendEquationSeparateiARB?$AA@ 07fe90ac     gl3w.obj
 0019:000030c8       ??_C@_0BE@MKEGJKA@glBlendEquationiARB?$AA@ 07fe90c8     gl3w.obj
 0019:000030dc       ??_C@_0O@JNHBCHMB@glSampleMaski?$AA@ 07fe90dc     gl3w.obj
 0019:000030ec       ??_C@_0BD@DHLIMGN@glGetMultisamplefv?$AA@ 07fe90ec     gl3w.obj
 0019:00003100       ??_C@_0BI@JIHMLKCG@glTexImage3DMultisample?$AA@ 07fe9100     gl3w.obj
 0019:00003118       ??_C@_0BI@FHDFLFA@glTexImage2DMultisample?$AA@ 07fe9118     gl3w.obj
 0019:00003130       ??_C@_0M@MPEEOPIN@glGetSynciv?$AA@ 07fe9130     gl3w.obj
 0019:0000313c       ??_C@_0BA@INMBOHGL@glGetInteger64v?$AA@ 07fe913c     gl3w.obj
 0019:0000314c       ??_C@_0L@MHLOGHGO@glWaitSync?$AA@ 07fe914c     gl3w.obj
 0019:00003158       ??_C@_0BB@KDMPGJAC@glClientWaitSync?$AA@ 07fe9158     gl3w.obj
 0019:0000316c       ??_C@_0N@PIFDNDFG@glDeleteSync?$AA@ 07fe916c     gl3w.obj
 0019:0000317c       ??_C@_08JPIIHJEO@glIsSync?$AA@ 07fe917c     gl3w.obj
 0019:00003188       ??_C@_0M@EFGFPFLP@glFenceSync?$AA@ 07fe9188     gl3w.obj
 0019:00003194       ??_C@_0BC@ECOAPEBI@glProvokingVertex?$AA@ 07fe9194     gl3w.obj
 0019:000031a8       ??_C@_0BO@NAPFJEEK@glMultiDrawElementsBaseVertex?$AA@ 07fe91a8     gl3w.obj
 0019:000031c8       ??_C@_0CC@KLOIIKNA@glDrawElementsInstancedBaseVerte@ 07fe91c8     gl3w.obj
 0019:000031ec       ??_C@_0BO@KBDDBILP@glDrawRangeElementsBaseVertex?$AA@ 07fe91ec     gl3w.obj
 0019:0000320c       ??_C@_0BJ@LFMMIAHA@glDrawElementsBaseVertex?$AA@ 07fe920c     gl3w.obj
 0019:00003228       ??_C@_0BE@EPKABDOG@glCopyBufferSubData?$AA@ 07fe9228     gl3w.obj
 0019:0000323c       ??_C@_0BG@BOLEKKCP@glUniformBlockBinding?$AA@ 07fe923c     gl3w.obj
 0019:00003254       ??_C@_0BM@KEMCJPAJ@glGetActiveUniformBlockName?$AA@ 07fe9254     gl3w.obj
 0019:00003270       ??_C@_0BK@DMHOPJGL@glGetActiveUniformBlockiv?$AA@ 07fe9270     gl3w.obj
 0019:0000328c       ??_C@_0BH@CBDIMHHE@glGetUniformBlockIndex?$AA@ 07fe928c     gl3w.obj
 0019:000032a4       ??_C@_0BH@EGGFHKJJ@glGetActiveUniformName?$AA@ 07fe92a4     gl3w.obj
 0019:000032bc       ??_C@_0BG@JEHIMPCG@glGetActiveUniformsiv?$AA@ 07fe92bc     gl3w.obj
 0019:000032d4       ??_C@_0BE@MDPMIDEE@glGetUniformIndices?$AA@ 07fe92d4     gl3w.obj
 0019:000032e8       ??_C@_0BA@ODJEGGAE@glIsVertexArray?$AA@ 07fe92e8     gl3w.obj
 0019:000032f8       ??_C@_0BC@EPJLBJBJ@glGenVertexArrays?$AA@ 07fe92f8     gl3w.obj
 0019:0000330c       ??_C@_0BF@BMPCJLEF@glDeleteVertexArrays?$AA@ 07fe930c     gl3w.obj
 0019:00003324       ??_C@_0BC@LHBAHFAN@glBindVertexArray?$AA@ 07fe9324     gl3w.obj
 0019:00003338       ??_C@_0BJ@NCDMGHKF@glFlushMappedBufferRange?$AA@ 07fe9338     gl3w.obj
 0019:00003354       ??_C@_0BB@EOHJGBIO@glMapBufferRange?$AA@ 07fe9354     gl3w.obj
 0019:00003368       ??_C@_0BK@NIHIDBBO@glFramebufferTextureLayer?$AA@ 07fe9368     gl3w.obj
 0019:00003384       ??_C@_0CB@HNONLGJE@glRenderbufferStorageMultisample@ 07fe9384     gl3w.obj
 0019:000033a8       ??_C@_0BC@OANBDDEP@glBlitFramebuffer?$AA@ 07fe93a8     gl3w.obj
 0019:000033bc       ??_C@_0BB@BHNIMGDM@glGenerateMipmap?$AA@ 07fe93bc     gl3w.obj
 0019:000033d0       ??_C@_0CG@KLDGJEON@glGetFramebufferAttachmentParame@ 07fe93d0     gl3w.obj
 0019:000033f8       ??_C@_0BK@OJDINAOA@glFramebufferRenderbuffer?$AA@ 07fe93f8     gl3w.obj
 0019:00003414       ??_C@_0BH@JDEHAJHC@glFramebufferTexture3D?$AA@ 07fe9414     gl3w.obj
 0019:0000342c       ??_C@_0BH@JCIFGDEF@glFramebufferTexture2D?$AA@ 07fe942c     gl3w.obj
 0019:00003444       ??_C@_0BH@JAMDNNBM@glFramebufferTexture1D?$AA@ 07fe9444     gl3w.obj
 0019:0000345c       ??_C@_0BJ@GIOLHEAD@glCheckFramebufferStatus?$AA@ 07fe945c     gl3w.obj
 0019:00003478       ??_C@_0BC@FAPEBGID@glGenFramebuffers?$AA@ 07fe9478     gl3w.obj
 0019:0000348c       ??_C@_0BF@DJNJENP@glDeleteFramebuffers?$AA@ 07fe948c     gl3w.obj
 0019:000034a4       ??_C@_0BC@CJMIBNO@glBindFramebuffer?$AA@ 07fe94a4     gl3w.obj
 0019:000034b8       ??_C@_0BA@FGBIJCNH@glIsFramebuffer?$AA@ 07fe94b8     gl3w.obj
 0019:000034c8       ??_C@_0BN@FGKAECKO@glGetRenderbufferParameteriv?$AA@ 07fe94c8     gl3w.obj
 0019:000034e8       ??_C@_0BG@EOIILGMJ@glRenderbufferStorage?$AA@ 07fe94e8     gl3w.obj
 0019:00003500       ??_C@_0BD@MIGEDNGJ@glGenRenderbuffers?$AA@ 07fe9500     gl3w.obj
 0019:00003514       ??_C@_0BG@KKOKEJDE@glDeleteRenderbuffers?$AA@ 07fe9514     gl3w.obj
 0019:0000352c       ??_C@_0BD@EPOPJGFA@glBindRenderbuffer?$AA@ 07fe952c     gl3w.obj
 0019:00003540       ??_C@_0BB@DGGHKKOH@glIsRenderbuffer?$AA@ 07fe9540     gl3w.obj
 0019:00003554       ??_C@_0BF@PDDGKNBJ@glBlendFuncSeparatei?$AA@ 07fe9554     gl3w.obj
 0019:0000356c       ??_C@_0N@IKKELNNP@glBlendFunci?$AA@ 07fe956c     gl3w.obj
 0019:0000357c       ??_C@_0BJ@FNMBAGAC@glBlendEquationSeparatei?$AA@ 07fe957c     gl3w.obj
 0019:00003598       ??_C@_0BB@MKHLNEOM@glBlendEquationi?$AA@ 07fe9598     gl3w.obj
 0019:000035ac       ??_C@_0BD@EDGCEBP@glMinSampleShading?$AA@ 07fe95ac     gl3w.obj
 0019:000035c0       ??_C@_0BG@NEBMAEHM@glVertexAttribDivisor?$AA@ 07fe95c0     gl3w.obj
 0019:000035d8       ??_C@_0BF@ENLMLILA@glFramebufferTexture?$AA@ 07fe95d8     gl3w.obj
 0019:000035f0       ??_C@_0BJ@KKBIDGPP@glGetBufferParameteri64v?$AA@ 07fe95f0     gl3w.obj
 0019:0000360c       ??_C@_0BC@KOJILIEC@glGetInteger64i_v?$AA@ 07fe960c     gl3w.obj
 0019:00003620       ??_C@_0BI@LJDLNGAF@glPrimitiveRestartIndex?$AA@ 07fe9620     gl3w.obj
 0019:00003638       ??_C@_0M@IIMBBALL@glTexBuffer?$AA@ 07fe9638     gl3w.obj
 0019:00003644       ??_C@_0BI@CGJENFBH@glDrawElementsInstanced?$AA@ 07fe9644     gl3w.obj
 0019:0000365c       ??_C@_0BG@HIOFINAN@glDrawArraysInstanced?$AA@ 07fe965c     gl3w.obj
 0019:00003674       ??_C@_0N@PILJCBOD@glGetStringi?$AA@ 07fe9674     gl3w.obj
 0019:00003684       ??_C@_0BA@OACPENCO@glClearBufferfi?$AA@ 07fe9684     gl3w.obj
 0019:00003694       ??_C@_0BA@CNHFEDLA@glClearBufferfv?$AA@ 07fe9694     gl3w.obj
 0019:000036a4       ??_C@_0BB@OHPPAEID@glClearBufferuiv?$AA@ 07fe96a4     gl3w.obj
 0019:000036b8       ??_C@_0BA@CGCJAEIN@glClearBufferiv?$AA@ 07fe96b8     gl3w.obj
 0019:000036c8       ??_C@_0BG@MLODKKFL@glGetTexParameterIuiv?$AA@ 07fe96c8     gl3w.obj
 0019:000036e0       ??_C@_0BF@ODBJFHDD@glGetTexParameterIiv?$AA@ 07fe96e0     gl3w.obj
 0019:000036f8       ??_C@_0BD@FDBCMKBE@glTexParameterIuiv?$AA@ 07fe96f8     gl3w.obj
 0019:0000370c       ??_C@_0BC@MAFJKEHB@glTexParameterIiv?$AA@ 07fe970c     gl3w.obj
 0019:00003720       ??_C@_0O@HJJIIGE@glUniform4uiv?$AA@ 07fe9720     gl3w.obj
 0019:00003730       ??_C@_0O@LFLJFEHE@glUniform3uiv?$AA@ 07fe9730     gl3w.obj
 0019:00003740       ??_C@_0O@IINJHNME@glUniform2uiv?$AA@ 07fe9740     gl3w.obj
 0019:00003750       ??_C@_0O@MPHJAHBE@glUniform1uiv?$AA@ 07fe9750     gl3w.obj
 0019:00003760       ??_C@_0N@ENCKKJAN@glUniform4ui?$AA@ 07fe9760     gl3w.obj
 0019:00003770       ??_C@_0N@NAPNJBLE@glUniform3ui?$AA@ 07fe9770     gl3w.obj
 0019:00003780       ??_C@_0N@GIEBPGNB@glUniform2ui?$AA@ 07fe9780     gl3w.obj
 0019:00003790       ??_C@_0N@HKPEFJDP@glUniform1ui?$AA@ 07fe9790     gl3w.obj
 0019:000037a0       ??_C@_0BG@NDOIGAMC@glGetFragDataLocation?$AA@ 07fe97a0     gl3w.obj
 0019:000037b8       ??_C@_0BH@DLJLAGBA@glBindFragDataLocation?$AA@ 07fe97b8     gl3w.obj
 0019:000037d0       ??_C@_0BA@NIGECFIF@glGetUniformuiv?$AA@ 07fe97d0     gl3w.obj
 0019:000037e0       ??_C@_0BE@IMNLBLPG@glVertexAttribI4usv?$AA@ 07fe97e0     gl3w.obj
 0019:000037f4       ??_C@_0BE@JBDPNCLB@glVertexAttribI4ubv?$AA@ 07fe97f4     gl3w.obj
 0019:00003808       ??_C@_0BD@MIPLFJKA@glVertexAttribI4sv?$AA@ 07fe9808     gl3w.obj
 0019:0000381c       ??_C@_0BD@NFBPJAOH@glVertexAttribI4bv?$AA@ 07fe981c     gl3w.obj
[...]
 001a:12ef6614       _gl3wVertexAttrib1dv       1aee2614     <common>
 001a:12ef6618       _gl3wCreateShader          1aee2618     <common>
 001a:12ef661c       _gl3wDeleteProgram         1aee261c     <common>
 001a:12ef6620       _gl3wVertexAttribLFormat   1aee2620     <common>
 001a:12ef6624       _gl3wIsProgram             1aee2624     <common>
 001a:12ef6628       _gl3wBlendColor            1aee2628     <common>
 001a:12ef662c       _gl3wGetFloati_v           1aee262c     <common>
 001a:12ef6630       _gl3wFramebufferTextureLayer 1aee2630     <common>
 001a:12ef6634       _gl3wCopyImageSubData      1aee2634     <common>
 001a:12ef6638       _gl3wVertexAttrib4uiv      1aee2638     <common>
 001a:12ef663c       _gl3wScissorIndexed        1aee263c     <common>
 001a:12ef6640       _gl3wGetActiveSubroutineUniformiv 1aee2640     <common>
 001a:12ef6644       _gl3wVertexAttrib4ubv      1aee2644     <common>
 001a:12ef6648       _gl3wValidateProgram       1aee2648     <common>
 001a:12ef664c       _gl3wVertexAttribI2ui      1aee264c     <common>
 001a:12ef6650       _gl3wRenderbufferStorage   1aee2650     <common>
 001a:12ef6654       _gl3wUseProgram            1aee2654     <common>
 001a:12ef6658       _gl3wUniformMatrix2x3dv    1aee2658     <common>
 001a:12ef665c       _gl3wVertexAttribP4ui      1aee265c     <common>
 001a:12ef6660       _gl3wSamplerParameteriv    1aee2660     <common>
 001a:12ef6664       _gl3wIsSampler             1aee2664     <common>
 001a:12ef6668       _gl3wUniform2i             1aee2668     <common>
 001a:12ef666c       _gl3wProgramUniform4iv     1aee266c     <common>
 001a:12ef6670       _gl3wVertexAttribL2dv      1aee2670     <common>
 001a:12ef6674       _gl3wProgramUniform1fv     1aee2674     <common>
 001a:12ef6678       _gl3wTexSubImage1D         1aee2678     <common>
 001a:12ef667c       _gl3wGetObjectPtrLabel     1aee267c     <common>
 001a:12ef6680       _gl3wSecondaryColorP3ui    1aee2680     <common>
 001a:12ef6684       _gl3wGetInteger64i_v       1aee2684     <common>
 001a:12ef6688       _gl3wBindBufferBase        1aee2688     <common>
 001a:12ef668c       _gl3wCompileShaderIncludeARB 1aee268c     <common>
 001a:12ef6690       _gl3wCompressedTexSubImage2D 1aee2690     <common>
 001a:12ef6694       _gl3wTexCoordP3ui          1aee2694     <common>
 001a:12ef6698       _gl3wVertexP4uiv           1aee2698     <common>
 001a:12ef669c       _gl3wGetProgramResourceName 1aee269c     <common>
 001a:12ef66a0       _gl3wProgramUniformMatrix4x2fv 1aee26a0     <common>
 001a:12ef66a4       _gl3wGetIntegerv           1aee26a4     <common>
 001a:12ef66a8       _gl3wGenerateMipmap        1aee26a8     <common>
 001a:12ef66ac       _gl3wInvalidateTexSubImage 1aee26ac     <common>
 001a:12ef66b0       _gl3wFramebufferParameteri 1aee26b0     <common>
 001a:12ef66b4       _gl3wGenProgramPipelines   1aee26b4     <common>
 001a:12ef66b8       _gl3wResumeTransformFeedback 1aee26b8     <common>
 001a:12ef66bc       _gl3wUniform2fv            1aee26bc     <common>
 001a:12ef66c0       _gl3wVertexAttribL1d       1aee26c0     <common>
 001a:12ef66c4       _gl3wSamplerParameterf     1aee26c4     <common>
 001a:12ef66c8       _gl3wProgramUniform4i      1aee26c8     <common>
 001a:12ef66cc       _gl3wVertexAttribI4ui      1aee26cc     <common>
 001a:12ef66d0       _gl3wStencilFunc           1aee26d0     <common>
 001a:12ef66d4       _gl3wTexStorage2D          1aee26d4     <common>
 001a:12ef66d8       _gl3wGetPointerv           1aee26d8     <common>
 001a:12ef66dc       _gl3wFrontFace             1aee26dc     <common>
 001a:12ef66e0       _gl3wBindAttribLocation    1aee26e0     <common>
 001a:12ef66e4       _gl3wVertexAttrib1fv       1aee26e4     <common>
 001a:12ef66e8       _gl3wCompressedTexSubImage1D 1aee26e8     <common>
 001a:12ef66ec       _gl3wUniform2dv            1aee26ec     <common>
 001a:12ef66f0       _gl3wGenVertexArrays       1aee26f0     <common>
 001a:12ef66f4       _gl3wInvalidateTexImage    1aee26f4     <common>
 001a:12ef66f8       _gl3wVertexAttribP4uiv     1aee26f8     <common>
 001a:12ef66fc       _gl3wClampColor            1aee26fc     <common>
 001a:12ef6700       _gl3wGetActiveUniform      1aee2700     <common>
 001a:12ef6704       _gl3wBlendEquationi        1aee2704     <common>
 001a:12ef6708       _gl3wBindRenderbuffer      1aee2708     <common>
 001a:12ef670c       _gl3wBindTransformFeedback 1aee270c     <common>
 001a:12ef6710       _gl3wUniformMatrix4x2dv    1aee2710     <common>
 001a:12ef6714       _gl3wDrawTransformFeedbackStream 1aee2714     <common>
 001a:12ef6718       _gl3wPopDebugGroup         1aee2718     <common>
 001a:12ef671c       _gl3wVertexAttribP3ui      1aee271c     <common>
 001a:12ef6720       _gl3wMinSampleShadingARB   1aee2720     <common>
 001a:12ef6724       _gl3wGetStringi            1aee2724     <common>
 001a:12ef6728       _gl3wDrawTransformFeedback 1aee2728     <common>
 001a:12ef672c       _gl3wEndQuery              1aee272c     <common>
 001a:12ef6730       _gl3wGetFramebufferAttachmentParameteriv 1aee2730     <common>
 001a:12ef6734       _gl3wDrawBuffers           1aee2734     <common>
 001a:12ef6738       _gl3wUniform3d             1aee2738     <common>
 001a:12ef673c       _gl3wDeleteTransformFeedbacks 1aee273c     <common>
 001a:12ef6740       _gl3wVertexAttrib1sv       1aee2740     <common>
 001a:12ef6744       _gl3wTexCoordP4ui          1aee2744     <common>
 001a:12ef6748       _gl3wDrawElementsInstancedBaseVertexBaseInstance 1aee2748     <common>
 001a:12ef674c       _gl3wBlendFunci            1aee274c     <common>
 001a:12ef6750       _gl3wPushDebugGroup        1aee2750     <common>
 001a:12ef6754       _gl3wDepthRange            1aee2754     <common>
 001a:12ef6758       _gl3wTexParameterIuiv      1aee2758     <common>
 001a:12ef675c       _gl3wViewport              1aee275c     <common>
 001a:12ef6760       _gl3wDebugMessageCallback  1aee2760     <common>
 001a:12ef6764       _gl3wVertexAttrib4Niv      1aee2764     <common>
 001a:12ef6768       _gl3wGetInteger64v         1aee2768     <common>
 001a:12ef676c       _gl3wUniform4d             1aee276c     <common>
 001a:12ef6770       _gl3wVertexP2uiv           1aee2770     <common>
 001a:12ef6774       _gl3wVertexAttribI4sv      1aee2774     <common>
 001a:12ef6778       _gl3wMultiTexCoordP2ui     1aee2778     <common>
 001a:12ef677c       _gl3wGetActiveUniformBlockName 1aee277c     <common>
 001a:12ef6780       _gl3wLogicOp               1aee2780     <common>
 001a:12ef6784       _gl3wVertexAttrib3d        1aee2784     <common>
 001a:12ef6788       _gl3wGetUniformfv          1aee2788     <common>
 001a:12ef678c       _gl3wNamedStringARB        1aee278c     <common>
 001a:12ef6790       _gl3wDrawElementsInstancedBaseInstance 1aee2790     <common>
 001a:12ef6794       _gl3wIsNamedStringARB      1aee2794     <common>
 001a:12ef6798       _gl3wUniformMatrix2fv      1aee2798     <common>
 001a:12ef679c       _gl3wDrawElementsInstanced 1aee279c     <common>
 001a:12ef67a0       _gl3wBlendEquationSeparate 1aee27a0     <common>
 001a:12ef67a4       _gl3wTexSubImage3D         1aee27a4     <common>
 001a:12ef67a8       _gl3wDeleteRenderbuffers   1aee27a8     <common>
 001a:12ef67ac       _gl3wGetFragDataLocation   1aee27ac     <common>
 001a:12ef67b0       _gl3wEnable                1aee27b0     <common>
 001a:12ef67b4       _gl3wGetUniformIndices     1aee27b4     <common>
 001a:12ef67b8       _gl3wDepthMask             1aee27b8     <common>
 001a:12ef67bc       _gl3wBindImageTexture      1aee27bc     <common>
 001a:12ef67c0       _gl3wUniform2iv            1aee27c0     <common>
 001a:12ef67c4       _gl3wGetNamedFramebufferParameterivEXT 1aee27c4     <common>
 001a:12ef67c8       _gl3wTexImage2DMultisample 1aee27c8     <common>
 001a:12ef67cc       _gl3wTextureStorage2DEXT   1aee27cc     <common>
 001a:12ef67d0       _gl3wProgramUniform4uiv    1aee27d0     <common>
 001a:12ef67d4       _gl3wFenceSync             1aee27d4     <common>
 001a:12ef67d8       _gl3wDebugMessageCallbackARB 1aee27d8     <common>
 001a:12ef67dc       _gl3wUniformMatrix3x4fv    1aee27dc     <common>
 001a:12ef67e0       _gl3wVertexAttrib4bv       1aee27e0     <common>
 001a:12ef67e4       _gl3wBindTexture           1aee27e4     <common>
 001a:12ef67e8       _gl3wUniform4uiv           1aee27e8     <common>
 001a:12ef67ec       _gl3wInvalidateFramebuffer 1aee27ec     <common>
 001a:12ef67f0       _gl3wIsTexture             1aee27f0     <common>
 001a:12ef67f4       _gl3wFramebufferTexture1D  1aee27f4     <common>
 001a:12ef67f8       _gl3wGetString             1aee27f8     <common>
 001a:12ef67fc       _gl3wMultiTexCoordP1ui     1aee27fc     <common>
 001a:12ef6800       _gl3wProgramUniformMatrix4x3fv 1aee2800     <common>
 001a:12ef6804       _gl3wGetVertexAttribPointerv 1aee2804     <common>
 001a:12ef6808       _gl3wVertexAttribI2i       1aee2808     <common>
 001a:12ef680c       _gl3wGetProgramResourceLocation 1aee280c     <common>
 001a:12ef6810       _gl3wSamplerParameterIuiv  1aee2810     <common>
 001a:12ef6814       _gl3wCopyBufferSubData     1aee2814     <common>
 001a:12ef6818       _gl3wDepthRangeIndexed     1aee2818     <common>
 001a:12ef681c       _gl3wStencilFuncSeparate   1aee281c     <common>
 001a:12ef6820       _gl3wGetUniformSubroutineuiv 1aee2820     <common>
 001a:12ef6824       _gl3wGetRenderbufferParameteriv 1aee2824     <common>
 001a:12ef6828       _gl3wProgramUniformMatrix3x4fv 1aee2828     <common>
 001a:12ef682c       _gl3wSamplerParameteri     1aee282c     <common>
 001a:12ef6830       _gl3wIsEnabledi            1aee2830     <common>
 001a:12ef6834       _gl3wMultiDrawArrays       1aee2834     <common>
 001a:12ef6838       _gl3wGetShaderSource       1aee2838     <common>
 001a:12ef683c       _gl3wVertexAttribI4bv      1aee283c     <common>
 001a:12ef6840       _gl3wBindProgramPipeline   1aee2840     <common>
 001a:12ef6844       _gl3wCompressedTexImage2D  1aee2844     <common>
 001a:12ef6848       _gl3wUniformMatrix4x3dv    1aee2848     <common>
 001a:12ef684c       _gl3wIsEnabled             1aee284c     <common>
 001a:12ef6850       _gl3wMapBuffer             1aee2850     <common>
 001a:12ef6854       _gl3wVertexBindingDivisor  1aee2854     <common>
 001a:12ef6858       _gl3wProgramUniform1uiv    1aee2858     <common>
 001a:12ef685c       _gl3wEnablei               1aee285c     <common>
 001a:12ef6860       _gl3wVertexAttribL2d       1aee2860     <common>
 001a:12ef6864       _gl3wVertexAttribI4iv      1aee2864     <common>
 001a:12ef6868       _gl3wFinish                1aee2868     <common>
 001a:12ef686c       _gl3wGetUniformdv          1aee286c     <common>
 001a:12ef6870       _gl3wVertexAttribI4i       1aee2870     <common>
 001a:12ef6874       _gl3wGetUniformLocation    1aee2874     <common>
 001a:12ef6878       _gl3wGetNamedStringARB     1aee2878     <common>
 001a:12ef687c       _gl3wGetActiveAttrib       1aee287c     <common>
 001a:12ef6880       _gl3wGetFragDataIndex      1aee2880     <common>
 001a:12ef6884       _gl3wMinSampleShading      1aee2884     <common>
 001a:12ef6888       _gl3wEnableVertexAttribArray 1aee2888     <common>
 001a:12ef688c       _gl3wGetAttribLocation     1aee288c     <common>
 001a:12ef6890       _gl3wFramebufferRenderbuffer 1aee2890     <common>
 001a:12ef6894       _gl3wLinkProgram           1aee2894     <common>
 001a:12ef6898       _gl3wSamplerParameterIiv   1aee2898     <common>
 001a:12ef689c       _gl3wVertexAttrib4usv      1aee289c     <common>
 001a:12ef68a0       _gl3wGetAttachedShaders    1aee28a0     <common>
 001a:12ef68a4       _gl3wDrawElements          1aee28a4     <common>
 001a:12ef68a8       _gl3wClearBufferData       1aee28a8     <common>
 001a:12ef68ac       _gl3wVertexAttribLPointer  1aee28ac     <common>
 001a:12ef68b0       _gl3wProgramUniformMatrix2dv 1aee28b0     <common>
 001a:12ef68b4       _gl3wGetVertexAttribIiv    1aee28b4     <common>
 001a:12ef68b8       _gl3wGetQueryObjectiv      1aee28b8     <common>
 001a:12ef68bc       _gl3wUniform2d             1aee28bc     <common>
 001a:12ef68c0       _gl3wBeginQuery            1aee28c0     <common>
 001a:12ef68c4       _gl3wCreateProgram         1aee28c4     <common>
 001a:12ef68c8       _gl3wMultiTexCoordP3ui     1aee28c8     <common>
 001a:12ef68cc       _gl3wEndConditionalRender  1aee28cc     <common>
 001a:12ef68d0       _gl3wUnmapBuffer           1aee28d0     <common>
 001a:12ef68d4       _gl3wReadnPixelsARB        1aee28d4     <common>
 001a:12ef68d8       _gl3wGetUniformiv          1aee28d8     <common>
 001a:12ef68dc       _gl3wShaderStorageBlockBinding 1aee28dc     <common>
 001a:12ef68e0       _gl3wMultiDrawArraysIndirect 1aee28e0     <common>
 001a:12ef68e4       _gl3wIsProgramPipeline     1aee28e4     <common>
 001a:12ef68e8       _gl3wGetUniformBlockIndex  1aee28e8     <common>
 001a:12ef68ec       _gl3wCullFace              1aee28ec     <common>
 001a:12ef68f0       _gl3wGetProgramPipelineInfoLog 1aee28f0     <common>
 001a:12ef68f4       _gl3wProgramUniform1i      1aee28f4     <common>
 001a:12ef68f8       _gl3wProgramUniform3f      1aee28f8     <common>
 001a:12ef68fc       _gl3wGetSamplerParameterIiv 1aee28fc     <common>
 001a:12ef6900       _gl3wUniform3dv            1aee2900     <common>
 001a:12ef6904       _gl3wDeleteSync            1aee2904     <common>
 001a:12ef6908       _gl3wVertexAttrib4Nsv      1aee2908     <common>
 001a:12ef690c       _gl3wBufferData            1aee290c     <common>
 001a:12ef6910       _gl3wIsQuery               1aee2910     <common>
 001a:12ef6914       _gl3wProgramUniform1dv     1aee2914     <common>
 001a:12ef6918       _gl3wEndQueryIndexed       1aee2918     <common>
 001a:12ef691c       _gl3wUniformMatrix4x3fv    1aee291c     <common>
 001a:12ef6920       _gl3wVertexAttrib2f        1aee2920     <common>
 001a:12ef6924       _gl3wUniform1fv            1aee2924     <common>
 001a:12ef6928       _gl3wDepthRangeArrayv      1aee2928     <common>
 001a:12ef692c       _gl3wUniformMatrix4x2fv    1aee292c     <common>
 001a:12ef6930       _gl3wVertexAttrib4f        1aee2930     <common>
 001a:12ef6934       _gl3wGetInternalformativ   1aee2934     <common>
 001a:12ef6938       _gl3wScissor               1aee2938     <common>
 001a:12ef693c       _gl3wPointParameteriv      1aee293c     <common>
 001a:12ef6940       _gl3wProgramUniformMatrix3dv 1aee2940     <common>
 001a:12ef6944       _gl3wTexParameterf         1aee2944     <common>
 001a:12ef6948       _gl3wBindVertexArray       1aee2948     <common>
 001a:12ef694c       _gl3wNamedFramebufferParameteriEXT 1aee294c     <common>
 001a:12ef6950       _gl3wBindSampler           1aee2950     <common>
 001a:12ef6954       _gl3wGenRenderbuffers      1aee2954     <common>
 001a:12ef6958       _gl3wActiveTexture         1aee2958     <common>
 001a:12ef695c       _gl3wVertexAttribI4usv     1aee295c     <common>
 001a:12ef6960       _gl3wScissorArrayv         1aee2960     <common>
 001a:12ef6964       _gl3wDisable               1aee2964     <common>
 001a:12ef6968       _gl3wUniform3iv            1aee2968     <common>
 001a:12ef696c       _gl3wVertexAttribL4dv      1aee296c     <common>
 001a:12ef6970       _gl3wPointParameterf       1aee2970     <common>
 001a:12ef6974       _gl3wProgramUniformMatrix3x4dv 1aee2974     <common>
 001a:12ef6978       _gl3wBeginQueryIndexed     1aee2978     <common>
 001a:12ef697c       _gl3wTexParameterfv        1aee297c     <common>
 001a:12ef6980       _gl3wActiveShaderProgram   1aee2980     <common>
 001a:12ef6984       _gl3wPauseTransformFeedback 1aee2984     <common>
 001a:12ef6988       _gl3wVertexAttribBinding   1aee2988     <common>
 001a:12ef698c       _gl3wProgramUniform2dv     1aee298c     <common>
 001a:12ef6990       _gl3wGetSamplerParameterIuiv 1aee2990     <common>
 001a:12ef6994       _gl3wVertexAttrib1d        1aee2994     <common>
 001a:12ef6998       _gl3wVertexArrayVertexAttribBindingEXT 1aee2998     <common>
 001a:12ef699c       _gl3wGetnTexImageARB       1aee299c     <common>
 001a:12ef69a0       _gl3wVertexAttribI3ui      1aee29a0     <common>
 001a:12ef69a4       _gl3wGetActiveAtomicCounterBufferiv 1aee29a4     <common>
 001a:12ef69a8       _gl3wValidateProgramPipeline 1aee29a8     <common>
 001a:12ef69ac       _gl3wGetFloatv             1aee29ac     <common>
 001a:12ef69b0       _gl3wGetProgramResourceLocationIndex 1aee29b0     <common>
 001a:12ef69b4       _gl3wGenTextures           1aee29b4     <common>
 001a:12ef69b8       _gl3wProgramUniformMatrix2x3fv 1aee29b8     <common>
 001a:12ef69bc       _gl3wBindBuffer            1aee29bc     <common>
 001a:12ef69c0       _gl3wCopyTexSubImage2D     1aee29c0     <common>
 001a:12ef69c4       _gl3wTransformFeedbackVaryings 1aee29c4     <common>
 001a:12ef69c8       _gl3wProgramUniform4d      1aee29c8     <common>
 001a:12ef69cc       _gl3wGenQueries            1aee29cc     <common>
 001a:12ef69d0       _gl3wGetTexLevelParameterfv 1aee29d0     <common>
 001a:12ef69d4       _gl3wProgramUniform3dv     1aee29d4     <common>
 001a:12ef69d8       _gl3wProgramUniform1d      1aee29d8     <common>
 001a:12ef69dc       _gl3wProgramUniform4fv     1aee29dc     <common>
 001a:12ef69e0       _gl3wIsVertexArray         1aee29e0     <common>
 001a:12ef69e4       _gl3wVertexAttrib2sv       1aee29e4     <common>
 001a:12ef69e8       _gl3wProgramUniform3ui     1aee29e8     <common>
 001a:12ef69ec       _gl3wBindFragDataLocation  1aee29ec     <common>
 001a:12ef69f0       _gl3wVertexAttribL1dv      1aee29f0     <common>
 001a:12ef69f4       ___onexitend               1aee29f4     <common>
 001a:12ef69f8       ___onexitbegin             1aee29f8     <common>
 0020:00000000       _go4k_delay_times          1aeea000     purplebreak.obj
 0022:00000014       _RandSeed                  1aeec014     purplebreak.obj
 0022:00000024       _LFO_NORMALIZE             1aeec024     purplebreak.obj

 entry point at        0000:00000000

 Static symbols

 0001:0000011d       ?Eval2D@@YAXMMMMMMMPAM0@Z  0060111d f   intro.obj
 0001:000001c1       ?Eval3D@@YAXMMMMMMMMPAM00@Z 006011c1 f   intro.obj
 0001:00002aca       _sync_find_track           00603aca f   device.obj
 0001:00002b1b       _sync_track_path           00603b1b f   device.obj
 0001:00002bf5       _get_track_data            00603bf5 f   device.obj
 0001:00002ce2       _mopen                     00603ce2 f   device.obj
 0001:00002d09       _mclose                    00603d09 f   device.obj
 0001:00002d1a       _mread                     00603d1a f   device.obj
 0001:00002d7e       _get_track_data_mem        00603d7e f   device.obj
 0001:00002e6c       _key_linear                00603e6c f   track.obj
 0001:00002e95       _key_smooth                00603e95 f   track.obj
 0001:00002ece       _key_ramp                  00603ece f   track.obj
 0001:00002f41       _key_idx_floor             00603f41 f   track.obj
 0001:00002ff8       _open_libgl                00603ff8 f   gl3w.obj
 0001:00003009       _close_libgl               00604009 f   gl3w.obj
 0001:00003016       _get_proc                  00604016 f   gl3w.obj
 0001:00003037       _parse_version             00604037 f   gl3w.obj
 0001:000030aa       _load_procs                006040aa f   gl3w.obj
 0001:0000e16a       ?loadbar@@YAXPAXH@Z        0060f16a f   main_rel.obj
 0001:0000e25d       ?WndProc@@YGJPAUHWND__@@IIJ@Z 0060f25d f   main_rel.obj
 0001:0000e2ae       ?window_end@@YAXPAUWININFO@@@Z 0060f2ae f   main_rel.obj
 0001:0000e30a       ?window_init@@YAHPAUWININFO@@@Z 0060f30a f   main_rel.obj
 0001:0000e864       ??__Esshape_normals@@YAXXZ 0060f864 f   intro.obj
 0001:0000e870       ??__Esshape_vertices@@YAXXZ 0060f870 f   intro.obj
 0001:0000e87c       ??__Esshape_colour@@YAXXZ  0060f87c f   intro.obj
 0001:0000e888       ??__Fsshape_normals@@YAXXZ 0060f888 f   intro.obj
 0001:0000e895       ??__Fsshape_vertices@@YAXXZ 0060f895 f   intro.obj
 0001:0000e8a2       ??__Fsshape_colour@@YAXXZ  0060f8a2 f   intro.obj
